Archive member included because of file (symbol)

/home/librae/tool/CodeSourcery/Sourcery_G++_Lite/bin/../lib/gcc/arm-none-eabi/4.5.2/../../../../arm-none-eabi/lib/thumb2/libc.a(lib_a-memcmp.o)
                              build/./os/FreeRTOS/utility/tasks.o (memcmp)
/home/librae/tool/CodeSourcery/Sourcery_G++_Lite/bin/../lib/gcc/arm-none-eabi/4.5.2/../../../../arm-none-eabi/lib/thumb2/libc.a(lib_a-memcpy.o)
                              build/./os/FreeRTOS/utility/queue.o (memcpy)
/home/librae/tool/CodeSourcery/Sourcery_G++_Lite/bin/../lib/gcc/arm-none-eabi/4.5.2/../../../../arm-none-eabi/lib/thumb2/libc.a(lib_a-memset.o)
                              build/./os/FreeRTOS/utility/tasks.o (memset)
/home/librae/tool/CodeSourcery/Sourcery_G++_Lite/bin/../lib/gcc/arm-none-eabi/4.5.2/../../../../arm-none-eabi/lib/thumb2/libc.a(lib_a-sprintf.o)
                              build/./os/FreeRTOS/utility/tasks.o (sprintf)
/home/librae/tool/CodeSourcery/Sourcery_G++_Lite/bin/../lib/gcc/arm-none-eabi/4.5.2/../../../../arm-none-eabi/lib/thumb2/libc.a(lib_a-strcat.o)
                              build/./os/FreeRTOS/utility/tasks.o (strcat)
/home/librae/tool/CodeSourcery/Sourcery_G++_Lite/bin/../lib/gcc/arm-none-eabi/4.5.2/../../../../arm-none-eabi/lib/thumb2/libc.a(lib_a-strcpy.o)
                              /home/librae/tool/CodeSourcery/Sourcery_G++_Lite/bin/../lib/gcc/arm-none-eabi/4.5.2/../../../../arm-none-eabi/lib/thumb2/libc.a(lib_a-strcat.o) (strcpy)
/home/librae/tool/CodeSourcery/Sourcery_G++_Lite/bin/../lib/gcc/arm-none-eabi/4.5.2/../../../../arm-none-eabi/lib/thumb2/libc.a(lib_a-strncpy.o)
                              build/./os/FreeRTOS/utility/tasks.o (strncpy)
/home/librae/tool/CodeSourcery/Sourcery_G++_Lite/bin/../lib/gcc/arm-none-eabi/4.5.2/../../../../arm-none-eabi/lib/thumb2/libc.a(lib_a-svfprintf.o)
                              /home/librae/tool/CodeSourcery/Sourcery_G++_Lite/bin/../lib/gcc/arm-none-eabi/4.5.2/../../../../arm-none-eabi/lib/thumb2/libc.a(lib_a-sprintf.o) (_svfprintf_r)
/home/librae/tool/CodeSourcery/Sourcery_G++_Lite/bin/../lib/gcc/arm-none-eabi/4.5.2/../../../../arm-none-eabi/lib/thumb2/libc.a(lib_a-dtoa.o)
                              /home/librae/tool/CodeSourcery/Sourcery_G++_Lite/bin/../lib/gcc/arm-none-eabi/4.5.2/../../../../arm-none-eabi/lib/thumb2/libc.a(lib_a-svfprintf.o) (_dtoa_r)
/home/librae/tool/CodeSourcery/Sourcery_G++_Lite/bin/../lib/gcc/arm-none-eabi/4.5.2/../../../../arm-none-eabi/lib/thumb2/libc.a(lib_a-impure.o)
                              /home/librae/tool/CodeSourcery/Sourcery_G++_Lite/bin/../lib/gcc/arm-none-eabi/4.5.2/../../../../arm-none-eabi/lib/thumb2/libc.a(lib_a-sprintf.o) (_impure_ptr)
/home/librae/tool/CodeSourcery/Sourcery_G++_Lite/bin/../lib/gcc/arm-none-eabi/4.5.2/../../../../arm-none-eabi/lib/thumb2/libc.a(lib_a-locale.o)
                              /home/librae/tool/CodeSourcery/Sourcery_G++_Lite/bin/../lib/gcc/arm-none-eabi/4.5.2/../../../../arm-none-eabi/lib/thumb2/libc.a(lib_a-svfprintf.o) (_localeconv_r)
/home/librae/tool/CodeSourcery/Sourcery_G++_Lite/bin/../lib/gcc/arm-none-eabi/4.5.2/../../../../arm-none-eabi/lib/thumb2/libc.a(lib_a-malloc.o)
                              /home/librae/tool/CodeSourcery/Sourcery_G++_Lite/bin/../lib/gcc/arm-none-eabi/4.5.2/../../../../arm-none-eabi/lib/thumb2/libc.a(lib_a-dtoa.o) (malloc)
/home/librae/tool/CodeSourcery/Sourcery_G++_Lite/bin/../lib/gcc/arm-none-eabi/4.5.2/../../../../arm-none-eabi/lib/thumb2/libc.a(lib_a-mallocr.o)
                              /home/librae/tool/CodeSourcery/Sourcery_G++_Lite/bin/../lib/gcc/arm-none-eabi/4.5.2/../../../../arm-none-eabi/lib/thumb2/libc.a(lib_a-svfprintf.o) (_malloc_r)
/home/librae/tool/CodeSourcery/Sourcery_G++_Lite/bin/../lib/gcc/arm-none-eabi/4.5.2/../../../../arm-none-eabi/lib/thumb2/libc.a(lib_a-memchr.o)
                              /home/librae/tool/CodeSourcery/Sourcery_G++_Lite/bin/../lib/gcc/arm-none-eabi/4.5.2/../../../../arm-none-eabi/lib/thumb2/libc.a(lib_a-svfprintf.o) (memchr)
/home/librae/tool/CodeSourcery/Sourcery_G++_Lite/bin/../lib/gcc/arm-none-eabi/4.5.2/../../../../arm-none-eabi/lib/thumb2/libc.a(lib_a-mlock.o)
                              /home/librae/tool/CodeSourcery/Sourcery_G++_Lite/bin/../lib/gcc/arm-none-eabi/4.5.2/../../../../arm-none-eabi/lib/thumb2/libc.a(lib_a-mallocr.o) (__malloc_lock)
/home/librae/tool/CodeSourcery/Sourcery_G++_Lite/bin/../lib/gcc/arm-none-eabi/4.5.2/../../../../arm-none-eabi/lib/thumb2/libc.a(lib_a-mprec.o)
                              /home/librae/tool/CodeSourcery/Sourcery_G++_Lite/bin/../lib/gcc/arm-none-eabi/4.5.2/../../../../arm-none-eabi/lib/thumb2/libc.a(lib_a-dtoa.o) (_Balloc)
/home/librae/tool/CodeSourcery/Sourcery_G++_Lite/bin/../lib/gcc/arm-none-eabi/4.5.2/../../../../arm-none-eabi/lib/thumb2/libc.a(lib_a-s_fpclassify.o)
[...]
Memory Configuration

Name             Origin             Length             Attributes
ram              0x20000000         0x00005000         xrw
rom              0x08000000         0x00020000         xr
*default*        0x00000000         0xffffffff

Linker script and memory map

LOAD /home/librae/tool/CodeSourcery/Sourcery_G++_Lite/bin/../lib/gcc/arm-none-eabi/4.5.2/thumb2/crti.o
LOAD /home/librae/tool/CodeSourcery/Sourcery_G++_Lite/bin/../lib/gcc/arm-none-eabi/4.5.2/thumb2/crtbegin.o
LOAD build/./libmaple/adc.o
LOAD build/./libmaple/bkp.o
LOAD build/./libmaple/dac.o
LOAD build/./libmaple/dma.o
LOAD build/./libmaple/exti.o
LOAD build/./libmaple/flash.o
LOAD build/./libmaple/fsmc.o
LOAD build/./libmaple/gpio.o
LOAD build/./libmaple/iwdg.o
LOAD build/./libmaple/nvic.o
LOAD build/./libmaple/pwr.o
LOAD build/./libmaple/i2c.o
LOAD build/./libmaple/rcc.o
LOAD build/./libmaple/spi.o
LOAD build/./libmaple/syscalls.o
LOAD build/./libmaple/systick.o
LOAD build/./libmaple/timer.o
LOAD build/./libmaple/usart.o
LOAD build/./libmaple/util.o
LOAD build/./libmaple/exc.o
LOAD build/./os/FreeRTOS/utility/croutine.o
LOAD build/./os/FreeRTOS/utility/heap_2.o
LOAD build/./os/FreeRTOS/utility/list.o
LOAD build/./os/FreeRTOS/utility/port.o
LOAD build/./os/FreeRTOS/utility/queue.o
LOAD build/./os/FreeRTOS/utility/timers.o
LOAD build/./os/FreeRTOS/utility/tasks.o
LOAD build/./os/FreeRTOS/MapleFreeRTOS.o
LOAD build/./framework/boards/platform_config.o
LOAD build/./framework/system_init.o
LOAD build/./framework/ulibc.o
LOAD build/./framework/tprintf/tprintf.o
LOAD build/./framework/misc.o
LOAD build/./app/ss/SerialShell.o
LOAD build/main.o
START GROUP
LOAD /home/librae/tool/CodeSourcery/Sourcery_G++_Lite/bin/../lib/gcc/arm-none-eabi/4.5.2/thumb2/libgcc.a
LOAD /home/librae/tool/CodeSourcery/Sourcery_G++_Lite/bin/../lib/gcc/arm-none-eabi/4.5.2/../../../../arm-none-eabi/lib/thumb2/libc.a
END GROUP
LOAD /home/librae/tool/CodeSourcery/Sourcery_G++_Lite/bin/../lib/gcc/arm-none-eabi/4.5.2/thumb2/crtend.o
LOAD /home/librae/tool/CodeSourcery/Sourcery_G++_Lite/bin/../lib/gcc/arm-none-eabi/4.5.2/thumb2/crtn.o
START GROUP
LOAD ./support/ld/libcs3_stm32_med_density.a
END GROUP
START GROUP
LOAD /home/librae/tool/CodeSourcery/Sourcery_G++_Lite/bin/../lib/gcc/arm-none-eabi/4.5.2/thumb2/libgcc.a
LOAD /home/librae/tool/CodeSourcery/Sourcery_G++_Lite/bin/../lib/gcc/arm-none-eabi/4.5.2/../../../../arm-none-eabi/lib/thumb2/libc.a
LOAD /home/librae/tool/CodeSourcery/Sourcery_G++_Lite/bin/../lib/gcc/arm-none-eabi/4.5.2/../../../../arm-none-eabi/lib/thumb2/libm.a
END GROUP
                0x20005000                PROVIDE (__cs3_stack, (__cs3_region_start_ram + __cs3_region_size_ram))
                0x08001a5c                PROVIDE (__cs3_reset, _start)
                0x200023e0                PROVIDE (__cs3_heap_start, _end)
                0x20005000                PROVIDE (__cs3_heap_end, (__cs3_region_start_ram + 0x5000))

.text           0x08000000     0x1dc0
 CREATE_OBJECT_SYMBOLS
                0x08000000                __cs3_region_start_rom = .
 *(.cs3.region-head.rom)
                0x08000000                __cs3_interrupt_vector = __cs3_stm32_vector_table
 *(.cs3.interrupt_vector)
 .cs3.interrupt_vector
                0x08000000       0xec ./support/ld/libcs3_stm32_med_density.a(stm32_vector_table.o)
                0x08000000                __cs3_stm32_vector_table
                0x08000001                ASSERT ((. != __cs3_stm32_vector_table), No interrupt vector)
 *(.rom)
 *(.rom.b)
 *(.rom)
 *(.rom.b)
 *(.text .text.* .gnu.linkonce.t.*)
 .text          0x080000ec       0x30 /home/librae/tool/CodeSourcery/Sourcery_G++_Lite/bin/../lib/gcc/arm-none-eabi/4.5.2/thumb2/crtbegin.o
 .text.adc_foreach
                0x0800011c       0x1c build/./libmaple/adc.o
                0x0800011c                adc_foreach
 .text.dma_clear_isr_bits
                0x08000138       0x10 build/./libmaple/dma.o
 .text.dispatch_handler
                0x08000148       0x1c build/./libmaple/dma.o
 .text.__irq_dma1_channel1
                0x08000164       0x10 build/./libmaple/dma.o
                0x08000164                __irq_dma1_channel1
 .text.__irq_dma1_channel2
                0x08000174       0x10 build/./libmaple/dma.o
                0x08000174                __irq_dma1_channel2
 .text.__irq_dma1_channel3
                0x08000184       0x10 build/./libmaple/dma.o
                0x08000184                __irq_dma1_channel3
 .text.__irq_dma1_channel4
                0x08000194       0x10 build/./libmaple/dma.o
                0x08000194                __irq_dma1_channel4
 .text.__irq_dma1_channel5
                0x080001a4       0x10 build/./libmaple/dma.o
                0x080001a4                __irq_dma1_channel5
 .text.__irq_dma1_channel6
                0x080001b4       0x10 build/./libmaple/dma.o
                0x080001b4                __irq_dma1_channel6
 .text.__irq_dma1_channel7
                0x080001c4       0x10 build/./libmaple/dma.o
                0x080001c4                __irq_dma1_channel7
 .text.__bb_addr
                0x080001d4        0xc build/./libmaple/exti.o
 .text.bb_perip
                0x080001e0        0xc build/./libmaple/exti.o
 .text.clear_pending
                0x080001ec       0x18 build/./libmaple/exti.o
 .text.dispatch_handler
                0x08000204       0x2c build/./libmaple/exti.o
 .text.__irq_exti0
                0x08000230       0x12 build/./libmaple/exti.o
                0x08000230                __irq_exti0
 .text.__irq_exti1
                0x08000242       0x12 build/./libmaple/exti.o
                0x08000242                __irq_exti1
 .text.__irq_exti2
                0x08000254       0x12 build/./libmaple/exti.o
                0x08000254                __irq_exti2
 .text.__irq_exti3
                0x08000266       0x12 build/./libmaple/exti.o
                0x08000266                __irq_exti3
 .text.__irq_exti4
                0x08000278       0x12 build/./libmaple/exti.o
                0x08000278                __irq_exti4
 *fill*         0x0800028a        0x2 00
 .text.__irq_exti9_5
                0x0800028c       0x30 build/./libmaple/exti.o
                0x0800028c                __irq_exti9_5
 .text.__irq_exti15_10
                0x080002bc       0x30 build/./libmaple/exti.o
                0x080002bc                __irq_exti15_10
 .text.flash_enable_prefetch
                0x080002ec        0xc build/./libmaple/flash.o
                0x080002ec                flash_enable_prefetch
 .text.flash_set_latency
                0x080002f8       0x14 build/./libmaple/flash.o
                0x080002f8                flash_set_latency
 .text.gpio_init
                0x0800030c       0x14 build/./libmaple/gpio.o
                0x0800030c                gpio_init
 .text.gpio_init_all
                0x08000320       0x30 build/./libmaple/gpio.o
                0x08000320                gpio_init_all
 .text.gpio_set_mode
                0x08000350       0x52 build/./libmaple/gpio.o
                0x08000350                gpio_set_mode
 .text.afio_init
                0x080003a2       0x12 build/./libmaple/gpio.o
                0x080003a2                afio_init
 .text.nvic_irq_set_priority
                0x080003b4       0x28 build/./libmaple/nvic.o
                0x080003b4                nvic_irq_set_priority
 .text.nvic_set_vector_table
                0x080003dc       0x14 build/./libmaple/nvic.o
                0x080003dc                nvic_set_vector_table
 .text.nvic_init
                0x080003f0       0x24 build/./libmaple/nvic.o
                0x080003f0                nvic_init
 .text.i2c_write
                0x08000414        0x6 build/./libmaple/i2c.o
 .text.i2c_start_condition
                0x0800041a       0x14 build/./libmaple/i2c.o
 .text.i2c_stop_condition
                0x0800042e       0x1c build/./libmaple/i2c.o
 .text.i2c_enable_irq
                0x0800044a        0xc build/./libmaple/i2c.o
 .text.i2c_disable_irq
                0x08000456        0xc build/./libmaple/i2c.o
 .text.i2c_disable_ack
                0x08000462        0xc build/./libmaple/i2c.o
 *fill*         0x0800046e        0x2 00
 .text.systick_uptime
                0x08000470        0xc build/./libmaple/i2c.o
 .text.i2c_irq_error_handler
                0x0800047c       0x28 build/./libmaple/i2c.o
 .text.i2c_irq_handler
                0x080004a4      0x164 build/./libmaple/i2c.o
 .text.__irq_i2c1_ev
                0x08000608        0xc build/./libmaple/i2c.o
                0x08000608                __irq_i2c1_ev
 .text.__irq_i2c2_ev
                0x08000614        0xc build/./libmaple/i2c.o
                0x08000614                __irq_i2c2_ev
 .text.__irq_i2c1_er
                0x08000620        0xc build/./libmaple/i2c.o
                0x08000620                __irq_i2c1_er
 .text.__irq_i2c2_er
                0x0800062c        0xc build/./libmaple/i2c.o
                0x0800062c                __irq_i2c2_er
 .text.bb_peri_set_bit
                0x08000638        0xe build/./libmaple/rcc.o
 *fill*         0x08000646        0x2 00
 .text.rcc_clk_init
                0x08000648       0x64 build/./libmaple/rcc.o
                0x08000648                rcc_clk_init
 .text.rcc_dev_clk
                0x080006ac        0xc build/./libmaple/rcc.o
                0x080006ac                rcc_dev_clk
 .text.rcc_reset_dev
                0x080006b8       0x38 build/./libmaple/rcc.o
                0x080006b8                rcc_reset_dev
 .text.rcc_clk_enable
                0x080006f0       0x28 build/./libmaple/rcc.o
                0x080006f0                rcc_clk_enable
 .text.rcc_set_prescaler
                0x08000718       0x20 build/./libmaple/rcc.o
                0x08000718                rcc_set_prescaler
 .text.systick_enable
                0x08000738        0xc build/./libmaple/systick.o
                0x08000738                systick_enable
 .text.systick_init
                0x08000744        0xc build/./libmaple/systick.o
                0x08000744                systick_init
 .text.systick_attach_callback
                0x08000750        0xc build/./libmaple/systick.o
                0x08000750                systick_attach_callback
 .text.__exc_systick
                0x0800075c       0x1c build/./libmaple/systick.o
                0x0800075c                __exc_systick
 .text.dispatch_cc_irqs
                0x08000778       0x5c build/./libmaple/timer.o
 .text.bb_perip
                0x080007d4        0xc build/./libmaple/timer.o
 .text.dispatch_irq
                0x080007e0       0x2a build/./libmaple/timer.o
 .text.dispatch_general
                0x0800080a       0x20 build/./libmaple/timer.o
 .text.timer_disable
                0x0800082a       0x12 build/./libmaple/timer.o
                0x0800082a                timer_disable
 .text.timer_foreach
                0x0800083c       0x30 build/./libmaple/timer.o
                0x0800083c                timer_foreach
 .text.__irq_tim1_brk
                0x0800086c       0x10 build/./libmaple/timer.o
                0x0800086c                __irq_tim1_brk
 .text.__irq_tim1_up
                0x0800087c       0x10 build/./libmaple/timer.o
                0x0800087c                __irq_tim1_up
 .text.__irq_tim1_trg_com
                0x0800088c       0x24 build/./libmaple/timer.o
                0x0800088c                __irq_tim1_trg_com
 .text.__irq_tim1_cc
                0x080008b0        0xc build/./libmaple/timer.o
                0x080008b0                __irq_tim1_cc
 .text.__irq_tim2
                0x080008bc        0xc build/./libmaple/timer.o
                0x080008bc                __irq_tim2
 .text.__irq_tim3
                0x080008c8        0xc build/./libmaple/timer.o
                0x080008c8                __irq_tim3
 .text.__irq_tim4
                0x080008d4        0xc build/./libmaple/timer.o
                0x080008d4                __irq_tim4
 .text.usart_irq
                0x080008e0       0x56 build/./libmaple/usart.o
 *fill*         0x08000936        0x2 00
 .text.usart_init
                0x08000938       0x48 build/./libmaple/usart.o
                0x08000938                usart_init
 .text.usart_set_baud_rate
                0x08000980       0x30 build/./libmaple/usart.o
                0x08000980                usart_set_baud_rate
 .text.usart_enable
                0x080009b0       0x10 build/./libmaple/usart.o
                0x080009b0                usart_enable
 .text.usart_disable
                0x080009c0       0x22 build/./libmaple/usart.o
                0x080009c0                usart_disable
 *fill*         0x080009e2        0x2 00
 .text.usart_foreach
                0x080009e4       0x24 build/./libmaple/usart.o
                0x080009e4                usart_foreach
 .text.usart_tx
                0x08000a08       0x1c build/./libmaple/usart.o
                0x08000a08                usart_tx
 .text.usart_putudec
                0x08000a24       0x40 build/./libmaple/usart.o
                0x08000a24                usart_putudec
 .text.__irq_usart1
                0x08000a64        0xc build/./libmaple/usart.o
                0x08000a64                __irq_usart1
 .text.__irq_usart2
                0x08000a70        0xc build/./libmaple/usart.o
                0x08000a70                __irq_usart2
 .text.__irq_usart3
                0x08000a7c        0xc build/./libmaple/usart.o
                0x08000a7c                __irq_usart3
 .text.nvic_irq_enable
                0x08000a88       0x1c build/./libmaple/util.o
 .text.usart_putc
                0x08000aa4       0x18 build/./libmaple/util.o
 .text.usart_putstr
                0x08000abc       0x18 build/./libmaple/util.o
 .text.gpio_write_bit.clone.0.clone.1
                0x08000ad4        0xc build/./libmaple/util.o
 .text.adc_disable
                0x08000ae0       0x10 build/./libmaple/util.o
 .text.throb    0x08000af0       0x4c build/./libmaple/util.o
                0x08000af0                throb
 .text.__error  0x08000b3c       0x48 build/./libmaple/util.o
                0x08000b3c                __error
 .text._fail    0x08000b84       0x8c build/./libmaple/util.o
                0x08000b84                _fail
 .text          0x08000c10       0x60 build/./libmaple/exc.o
                0x08000c10                __exc_nmi
                0x08000c14                __exc_hardfault
                0x08000c18                __exc_memmanage
                0x08000c1c                __exc_busfault
                0x08000c20                __exc_usagefault
 .text.pvPortMalloc
                0x08000c70       0xb0 build/./os/FreeRTOS/utility/heap_2.o
                0x08000c70                pvPortMalloc
 .text.vPortFree
                0x08000d20       0x40 build/./os/FreeRTOS/utility/heap_2.o
                0x08000d20                vPortFree
 .text.vListInitialise
                0x08000d60       0x16 build/./os/FreeRTOS/utility/list.o
                0x08000d60                vListInitialise
 .text.vListInitialiseItem
                0x08000d76        0x6 build/./os/FreeRTOS/utility/list.o
                0x08000d76                vListInitialiseItem
 .text.vListInsertEnd
                0x08000d7c       0x1a build/./os/FreeRTOS/utility/list.o
                0x08000d7c                vListInsertEnd
 .text.vListInsert
                0x08000d96       0x32 build/./os/FreeRTOS/utility/list.o
                0x08000d96                vListInsert
 .text.vListRemove
                0x08000dc8       0x20 build/./os/FreeRTOS/utility/list.o
                0x08000dc8                vListRemove
 .text.xPortSysTickHandler
                0x08000de8       0x24 build/./os/FreeRTOS/utility/port.o
                0x08000de8                xPortSysTickHandler
 .text.pxPortInitialiseStack
                0x08000e0c       0x20 build/./os/FreeRTOS/utility/port.o
                0x08000e0c                pxPortInitialiseStack
 .text.__exc_svc
                0x08000e2c       0x24 build/./os/FreeRTOS/utility/port.o
                0x08000e2c                __exc_svc
 .text.vPortStartFirstTask
                0x08000e50       0x14 build/./os/FreeRTOS/utility/port.o
                0x08000e50                vPortStartFirstTask
 .text.xPortStartScheduler
                0x08000e64       0x48 build/./os/FreeRTOS/utility/port.o
                0x08000e64                xPortStartScheduler
 .text.vPortYieldFromISR
                0x08000eac       0x10 build/./os/FreeRTOS/utility/port.o
                0x08000eac                vPortYieldFromISR
 .text.vPortEnterCritical
                0x08000ebc       0x18 build/./os/FreeRTOS/utility/port.o
                0x08000ebc                vPortEnterCritical
 .text.vPortExitCritical
                0x08000ed4       0x18 build/./os/FreeRTOS/utility/port.o
                0x08000ed4                vPortExitCritical
 .text.__exc_pendsv
                0x08000eec       0x40 build/./os/FreeRTOS/utility/port.o
                0x08000eec                __exc_pendsv
 .text.prvAddCurrentTaskToDelayedList
                0x08000f2c       0x50 build/./os/FreeRTOS/utility/tasks.o
 .text.xTaskGenericCreate
                0x08000f7c      0x1b8 build/./os/FreeRTOS/utility/tasks.o
                0x08000f7c                xTaskGenericCreate
 .text.vTaskStartScheduler
                0x08001134       0x4c build/./os/FreeRTOS/utility/tasks.o
                0x08001134                vTaskStartScheduler
 .text.vTaskSuspendAll
                0x08001180       0x10 build/./os/FreeRTOS/utility/tasks.o
                0x08001180                vTaskSuspendAll
 .text.vTaskIncrementTick
                0x08001190       0xc8 build/./os/FreeRTOS/utility/tasks.o
                0x08001190                vTaskIncrementTick
 .text.xTaskResumeAll
                0x08001258       0xc0 build/./os/FreeRTOS/utility/tasks.o
                0x08001258                xTaskResumeAll
 .text.prvIdleTask
                0x08001318       0x60 build/./os/FreeRTOS/utility/tasks.o
 .text.vTaskDelay
                0x08001378       0x38 build/./os/FreeRTOS/utility/tasks.o
                0x08001378                vTaskDelay
 .text.vTaskSwitchContext
                0x080013b0       0xf0 build/./os/FreeRTOS/utility/tasks.o
                0x080013b0                vTaskSwitchContext
 .text.vApplicationStackOverflowHook
                0x080014a0        0x2 build/./os/FreeRTOS/MapleFreeRTOS.o
                0x080014a0                vApplicationStackOverflowHook
 .text.usart_putc
                0x080014a2       0x18 build/./framework/system_init.o
 *fill*         0x080014ba        0x2 00
 .text._io_putc
                0x080014bc        0xc build/./framework/system_init.o
 .text.system_init
                0x080014c8       0xd4 build/./framework/system_init.o
                0x080014c8                system_init
 .text.ui2a     0x0800159c       0x4c build/./framework/tprintf/tprintf.o
 .text.putchw   0x080015e8       0x4a build/./framework/tprintf/tprintf.o
 .text.tfp_format
                0x08001632      0x150 build/./framework/tprintf/tprintf.o
                0x08001632                tfp_format
 *fill*         0x08001782        0x2 00
 .text.init_printf
                0x08001784       0x14 build/./framework/tprintf/tprintf.o
                0x08001784                init_printf
 .text.tfp_printf
                0x08001798       0x28 build/./framework/tprintf/tprintf.o
                0x08001798                tfp_printf
 .text.vSerialEchoTask
                0x080017c0       0x7c build/main.o
 .text.gpio_toggle_bit.clone.0.clone.2
                0x0800183c        0xa build/main.o
 *fill*         0x08001846        0x2 00
 .text.vLEDFlashTask
                0x08001848       0x28 build/main.o
 .text.main     0x08001870       0x58 build/main.o
                0x08001870                main
 .text          0x080018c8       0x64 /home/librae/tool/CodeSourcery/Sourcery_G++_Lite/bin/../lib/gcc/arm-none-eabi/4.5.2/../../../../arm-none-eabi/lib/thumb2/libc.a(lib_a-memcmp.o)
                0x080018c8                memcmp
 .text          0x0800192c       0xb4 /home/librae/tool/CodeSourcery/Sourcery_G++_Lite/bin/../lib/gcc/arm-none-eabi/4.5.2/../../../../arm-none-eabi/lib/thumb2/libc.a(lib_a-memset.o)
                0x0800192c                memset
 .text          0x080019e0       0x78 /home/librae/tool/CodeSourcery/Sourcery_G++_Lite/bin/../lib/gcc/arm-none-eabi/4.5.2/../../../../arm-none-eabi/lib/thumb2/libc.a(lib_a-strncpy.o)
                0x080019e0                strncpy
 .text          0x08001a58        0x2 ./support/ld/libcs3_stm32_med_density.a(stm32_isrs.o)
                0x08001a58                __stm32reservedexception9
                0x08001a58                __irq_usb_lp_can_rx0
                0x08001a58                __exc_debug_monitor
                0x08001a58                __irq_adc
                0x08001a58                __irq_can_rx1
                0x08001a58                __irq_spi2
                0x08001a58                __irq_can_sce
                0x08001a58                __irq_pvd
                0x08001a58                __irq_tamper
                0x08001a58                __default_handler
                0x08001a58                __irq_wwdg
                0x08001a58                __stm32reservedexception10
                0x08001a58                __irq_flash
                0x08001a58                __stm32reservedexception13
                0x08001a58                __irq_rtc
                0x08001a58                __irq_spi1
                0x08001a58                __stm32reservedexception7
                0x08001a58                __irq_usb_hp_can_tx
                0x08001a58                __irq_rtcalarm
                0x08001a58                __stm32reservedexception8
                0x08001a58                __irq_usbwakeup
                0x08001a58                __irq_rcc
 *fill*         0x08001a5a        0x2 00
 .text          0x08001a5c       0x10 ./support/ld/libcs3_stm32_med_density.a(start.o)
                0x08001a5c                _start
 .text          0x08001a6c       0xf4 ./support/ld/libcs3_stm32_med_density.a(start_c.o)
                0x08001a6c                __cs3_start_c
 .text          0x08001b60       0x50 /home/librae/tool/CodeSourcery/Sourcery_G++_Lite/bin/../lib/gcc/arm-none-eabi/4.5.2/../../../../arm-none-eabi/lib/thumb2/libc.a(lib_a-init.o)
                0x08001b60                __libc_init_array
 *(.plt)
 *(.gnu.warning)
 *(.glue_7t)
 .glue_7t       0x00000000        0x0 linker stubs
 *(.glue_7)
 .glue_7        0x00000000        0x0 linker stubs
 *(.vfp11_veneer)
 .vfp11_veneer  0x00000000        0x0 linker stubs
 *(.rodata .rodata.* .gnu.linkonce.r.*)
 .rodata.str1.1
                0x08001bb0       0x32 build/./libmaple/exti.o
                                 0x3a (size before relaxing)
 *fill*         0x08001be2        0x2 00
 .rodata.GPIOA  0x08001be4        0x4 build/./libmaple/gpio.o
                0x08001be4                GPIOA
 .rodata.masks.4158
                0x08001be8       0x14 build/./libmaple/rcc.o
 .rodata.enable_regs.4140
                0x08001bfc        0xc build/./libmaple/rcc.o
 .rodata.reset_regs.4147
                0x08001c08        0x8 build/./libmaple/rcc.o
 .rodata.str1.1
                0x08001c10       0x4b build/./libmaple/rcc.o
 .rodata.rcc_dev_table
                0x08001c5b       0x32 build/./libmaple/rcc.o
 .rodata.str1.1
                0x08001c8d       0x93 build/./libmaple/timer.o
 .rodata.str1.1
                0x08001d20       0x1a build/./libmaple/util.o
                                 0x1d (size before relaxing)
 .rodata.str1.1
                0x08001d3a       0x17 build/./os/FreeRTOS/utility/tasks.o
                                 0x1a (size before relaxing)
 .rodata.ucExpectedStackBytes.5759
                0x08001d51       0x14 build/./os/FreeRTOS/utility/tasks.o
 .rodata.str1.1
                0x08001d65       0x24 build/main.o
                                 0x27 (size before relaxing)
 *(.ARM.extab* .gnu.linkonce.armextab.*)
 *(.gcc_except_table)
 *(.eh_frame_hdr)
 *(.eh_frame)
                0x08001d8c                . = ALIGN (0x4)
 *fill*         0x08001d89        0x3 00
 *(.init)
 .init          0x08001d8c        0x4 /home/librae/tool/CodeSourcery/Sourcery_G++_Lite/bin/../lib/gcc/arm-none-eabi/4.5.2/thumb2/crti.o
                0x08001d8c                _init
 .init          0x08001d90        0x8 /home/librae/tool/CodeSourcery/Sourcery_G++_Lite/bin/../lib/gcc/arm-none-eabi/4.5.2/thumb2/crtn.o
                0x08001d98                . = ALIGN (0x4)
                0x08001d98                __preinit_array_start = .
 *(.preinit_array)
                0x08001d98                __preinit_array_end = .
                0x08001d98                . = ALIGN (0x4)
                0x08001d98                __init_array_start = .
 *(SORT(.init_array.*))
 *(.init_array)
 .init_array    0x08001d98        0x4 /home/librae/tool/CodeSourcery/Sourcery_G++_Lite/bin/../lib/gcc/arm-none-eabi/4.5.2/thumb2/crtbegin.o
                0x08001d9c                __init_array_end = .
                0x08001d9c                . = ALIGN (0x4)
 *crtbegin.o(.ctors)
 *(EXCLUDE_FILE(*crtend.o) .ctors)
 *(SORT(.ctors.*))
 *crtend.o(.ctors)
                0x08001d9c                . = ALIGN (0x4)
 *(.fini)
 .fini          0x08001d9c        0x4 /home/librae/tool/CodeSourcery/Sourcery_G++_Lite/bin/../lib/gcc/arm-none-eabi/4.5.2/thumb2/crti.o
                0x08001d9c                _fini
 .fini          0x08001da0        0x8 /home/librae/tool/CodeSourcery/Sourcery_G++_Lite/bin/../lib/gcc/arm-none-eabi/4.5.2/thumb2/crtn.o
                0x08001da8                . = ALIGN (0x4)
                0x08001da8                __fini_array_start = .
 *(.fini_array)
 .fini_array    0x08001da8        0x4 /home/librae/tool/CodeSourcery/Sourcery_G++_Lite/bin/../lib/gcc/arm-none-eabi/4.5.2/thumb2/crtbegin.o
 *(SORT(.fini_array.*))
                0x08001dac                __fini_array_end = .
 *crtbegin.o(.dtors)
 *(EXCLUDE_FILE(*crtend.o) .dtors)
 *(SORT(.dtors.*))
 *crtend.o(.dtors)
                0x08001dac                . = ALIGN (0x4)
                0x08001dac                __cs3_regions = .
                0x08001dac        0x4 LONG 0x0
                0x08001db0        0x4 LONG 0x8001dc8 __cs3_region_init_ram
                0x08001db4        0x4 LONG 0x20000000 __cs3_region_start_ram
                0x08001db8        0x4 LONG 0x280 __cs3_region_init_size_ram
                0x08001dbc        0x4 LONG 0x2160 __cs3_region_zero_size_ram
                0x08001dc0                __exidx_start = .

.v4_bx          0x08001dc0        0x0
 .v4_bx         0x00000000        0x0 linker stubs

.ARM.exidx      0x08001dc0        0x8
 *(.ARM.exidx* .gnu.linkonce.armexidx.*)
 .ARM.exidx     0x08001dc0        0x8 ./support/ld/libcs3_stm32_med_density.a(start.o)
                0x08001dc8                __exidx_end = .

.text.align     0x08001dc8        0x0
                0x08001dc8                . = ALIGN (0x8)
                0x08001dc8                _etext = .

.USER_FLASH
 *(.USER_FLASH)
                0x08020000                __cs3_region_end_rom = (__cs3_region_start_rom + 0x20000)
                0x00020000                __cs3_region_size_rom = 0x20000
                0x00000001                __cs3_region_num = 0x1

.data           0x20000000      0x280 load address 0x08001dc8
                0x20000000                ram_begin = DEFINED (RAM_BUILD)?.:.
 *(.cs3.region-head.ram_begin)
                0x20000000                __cs3_region_start_ram = .
 *(.cs3.region-head.ram)
 *(.jcr)
 .jcr           0x20000000        0x0 /home/librae/tool/CodeSourcery/Sourcery_G++_Lite/bin/../lib/gcc/arm-none-eabi/4.5.2/thumb2/crtbegin.o
 .jcr           0x20000000        0x4 /home/librae/tool/CodeSourcery/Sourcery_G++_Lite/bin/../lib/gcc/arm-none-eabi/4.5.2/thumb2/crtend.o
 *(.got.plt)
 *(.got)
 *(.shdata)
 *(.data .data.* .gnu.linkonce.d.*)
 .data.adc1     0x20000004        0x8 build/./libmaple/adc.o
 .data.adc2     0x2000000c        0x8 build/./libmaple/adc.o
 .data.ADC1     0x20000014        0x4 build/./libmaple/adc.o
                0x20000014                ADC1
 .data.ADC2     0x20000018        0x4 build/./libmaple/adc.o
                0x20000018                ADC2
 .data.dma1     0x2000001c       0x40 build/./libmaple/dma.o
 .data.DMA1     0x2000005c        0x4 build/./libmaple/dma.o
                0x2000005c                DMA1
 .data.exti_channels
                0x20000060       0x80 build/./libmaple/exti.o
 .data.gpioa    0x200000e0        0x8 build/./libmaple/gpio.o
                0x200000e0                gpioa
 .data.gpiob    0x200000e8        0x8 build/./libmaple/gpio.o
                0x200000e8                gpiob
 .data.gpioc    0x200000f0        0x8 build/./libmaple/gpio.o
                0x200000f0                gpioc
 .data.gpiod    0x200000f8        0x8 build/./libmaple/gpio.o
                0x200000f8                gpiod
 .data.i2c_dev1
                0x20000100       0x1c build/./libmaple/i2c.o
 .data.i2c_dev2
                0x2000011c       0x1c build/./libmaple/i2c.o
 .data.timer3   0x20000138       0x20 build/./libmaple/timer.o
 .data.timer4   0x20000158       0x20 build/./libmaple/timer.o
 .data.TIMER1   0x20000178        0x4 build/./libmaple/timer.o
                0x20000178                TIMER1
 .data.TIMER2   0x2000017c        0x4 build/./libmaple/timer.o
                0x2000017c                TIMER2
 .data.TIMER3   0x20000180        0x4 build/./libmaple/timer.o
                0x20000180                TIMER3
 .data.TIMER4   0x20000184        0x4 build/./libmaple/timer.o
                0x20000184                TIMER4
 .data.timer1   0x20000188       0x28 build/./libmaple/timer.o
 .data.timer2   0x200001b0       0x20 build/./libmaple/timer.o
 .data.USART1   0x200001d0        0x4 build/./libmaple/usart.o
                0x200001d0                USART1
 .data.USART2   0x200001d4        0x4 build/./libmaple/usart.o
                0x200001d4                USART2
 .data.USART3   0x200001d8        0x4 build/./libmaple/usart.o
                0x200001d8                USART3
 .data.usart1   0x200001dc       0x30 build/./libmaple/usart.o
 .data.usart2   0x2000020c       0x30 build/./libmaple/usart.o
 .data.usart3   0x2000023c       0x30 build/./libmaple/usart.o
 .data.xFreeBytesRemaining
                0x2000026c        0x4 build/./os/FreeRTOS/utility/heap_2.o
 .data.uxCriticalNesting
                0x20000270        0x4 build/./os/FreeRTOS/utility/port.o
 .data.uxPreviousTask
                0x20000274        0x4 build/./os/FreeRTOS/utility/tasks.o
 .data.xNextTaskUnblockTime
                0x20000278        0x4 build/./os/FreeRTOS/utility/tasks.o
 *(.ram)
                0x20000280                . = ALIGN (0x8)
 *fill*         0x2000027c        0x4 00
                0x20000280                _edata = .

.bss            0x20000280     0x2160 load address 0x08002048
 *(.shbss)
 *(.bss .bss.* .gnu.linkonce.b.*)
 .bss           0x20000280        0x1 /home/librae/tool/CodeSourcery/Sourcery_G++_Lite/bin/../lib/gcc/arm-none-eabi/4.5.2/thumb2/crtbegin.o
 *fill*         0x20000281        0x3 00
 .bss.systick_user_callback
                0x20000284        0x4 build/./libmaple/systick.o
 .bss.usart1_rb
                0x20000288        0xc build/./libmaple/usart.o
 .bss.usart2_rb
                0x20000294        0xc build/./libmaple/usart.o
 .bss.usart3_rb
                0x200002a0        0xc build/./libmaple/usart.o
 *fill*         0x200002ac        0x4 00
 .bss.xHeap     0x200002b0     0x2000 build/./os/FreeRTOS/utility/heap_2.o
 .bss.xStart    0x200022b0        0x8 build/./os/FreeRTOS/utility/heap_2.o
 .bss.xEnd      0x200022b8        0x8 build/./os/FreeRTOS/utility/heap_2.o
 .bss.xHeapHasBeenInitialised.4687
                0x200022c0        0x4 build/./os/FreeRTOS/utility/heap_2.o
 .bss.xPendingReadyList
                0x200022c4       0x14 build/./os/FreeRTOS/utility/tasks.o
 .bss.uxTopReadyPriority
                0x200022d8        0x4 build/./os/FreeRTOS/utility/tasks.o
 .bss.uxTasksDeleted
                0x200022dc        0x4 build/./os/FreeRTOS/utility/tasks.o
 .bss.xTickCount
                0x200022e0        0x4 build/./os/FreeRTOS/utility/tasks.o
 .bss.pxReadyTasksLists
                0x200022e4       0x64 build/./os/FreeRTOS/utility/tasks.o
 .bss.pxOverflowDelayedTaskList
                0x20002348        0x4 build/./os/FreeRTOS/utility/tasks.o
 .bss.xTasksWaitingTermination
                0x2000234c       0x14 build/./os/FreeRTOS/utility/tasks.o
 .bss.xTracing  0x20002360        0x4 build/./os/FreeRTOS/utility/tasks.o
 .bss.pxDelayedTaskList
                0x20002364        0x4 build/./os/FreeRTOS/utility/tasks.o
 .bss.uxCurrentNumberOfTasks
                0x20002368        0x4 build/./os/FreeRTOS/utility/tasks.o
 .bss.xSchedulerRunning
                0x2000236c        0x4 build/./os/FreeRTOS/utility/tasks.o
 .bss.xMissedYield
                0x20002370        0x4 build/./os/FreeRTOS/utility/tasks.o
 .bss.pcTraceBuffer
                0x20002374        0x4 build/./os/FreeRTOS/utility/tasks.o
 .bss.pxCurrentTCB
                0x20002378        0x4 build/./os/FreeRTOS/utility/tasks.o
                0x20002378                pxCurrentTCB
 .bss.xSuspendedTaskList
                0x2000237c       0x14 build/./os/FreeRTOS/utility/tasks.o
 .bss.xDelayedTaskList1
                0x20002390       0x14 build/./os/FreeRTOS/utility/tasks.o
 .bss.xDelayedTaskList2
                0x200023a4       0x14 build/./os/FreeRTOS/utility/tasks.o
 .bss.uxTaskNumber
                0x200023b8        0x4 build/./os/FreeRTOS/utility/tasks.o
 .bss.uxSchedulerSuspended
                0x200023bc        0x4 build/./os/FreeRTOS/utility/tasks.o
 .bss.uxMissedTicks
                0x200023c0        0x4 build/./os/FreeRTOS/utility/tasks.o
 .bss.pcTraceBufferEnd
                0x200023c4        0x4 build/./os/FreeRTOS/utility/tasks.o
 .bss.xNumOfOverflows
                0x200023c8        0x4 build/./os/FreeRTOS/utility/tasks.o
 .bss.uxTopUsedPriority
                0x200023cc        0x4 build/./os/FreeRTOS/utility/tasks.o
 .bss.stdout_putf
                0x200023d0        0x4 build/./framework/tprintf/tprintf.o
 .bss.stdout_putp
                0x200023d4        0x4 build/./framework/tprintf/tprintf.o
 *(COMMON)
 COMMON         0x200023d8        0x4 build/./libmaple/systick.o
                0x200023d8                systick_uptime_millis
 *(.ram.b)
                0x200023e0                . = ALIGN (0x8)
 *fill*         0x200023dc        0x4 00
                0x200023e0                _end = .
                0x200023e0                __end = .
                0x20005000                __cs3_region_end_ram = (__cs3_region_start_ram + 0x5000)
                0x00005000                __cs3_region_size_ram = 0x5000
                0x08001dc8                __cs3_region_init_ram = LOADADDR (.data)
                0x00000280                __cs3_region_init_size_ram = (_edata - ADDR (.data))
                0x00002160                __cs3_region_zero_size_ram = (_end - _edata)
                0x00000001                __cs3_region_num = 0x1

.stab
 *(.stab)

.stabstr
 *(.stabstr)

.debug
 *(.debug)

.line
 *(.line)

.debug_srcinfo
 *(.debug_srcinfo)

.debug_sfnames
 *(.debug_sfnames)

.comment        0x00000000       0x2a
 .comment       0x00000000       0x2a build/./libmaple/adc.o
                                 0x2b (size before relaxing)
 .comment       0x00000000       0x2b build/./libmaple/bkp.o
 .comment       0x00000000       0x2b build/./libmaple/dac.o
 .comment       0x00000000       0x2b build/./libmaple/dma.o
 .comment       0x00000000       0x2b build/./libmaple/exti.o
 .comment       0x00000000       0x2b build/./libmaple/flash.o
 .comment       0x00000000       0x2b build/./libmaple/fsmc.o
 .comment       0x00000000       0x2b build/./libmaple/gpio.o
 .comment       0x00000000       0x2b build/./libmaple/iwdg.o
 .comment       0x00000000       0x2b build/./libmaple/nvic.o
 .comment       0x00000000       0x2b build/./libmaple/pwr.o
 .comment       0x00000000       0x2b build/./libmaple/i2c.o
 .comment       0x00000000       0x2b build/./libmaple/rcc.o
 .comment       0x00000000       0x2b build/./libmaple/spi.o
 .comment       0x00000000       0x2b build/./libmaple/syscalls.o
 .comment       0x00000000       0x2b build/./libmaple/systick.o
 .comment       0x00000000       0x2b build/./libmaple/timer.o
 .comment       0x00000000       0x2b build/./libmaple/usart.o
 .comment       0x00000000       0x2b build/./libmaple/util.o
 .comment       0x00000000       0x2b build/./os/FreeRTOS/utility/croutine.o
 .comment       0x00000000       0x2b build/./os/FreeRTOS/utility/heap_2.o
 .comment       0x00000000       0x2b build/./os/FreeRTOS/utility/list.o
 .comment       0x00000000       0x2b build/./os/FreeRTOS/utility/port.o
 .comment       0x00000000       0x2b build/./os/FreeRTOS/utility/queue.o
 .comment       0x00000000       0x2b build/./os/FreeRTOS/utility/timers.o
 .comment       0x00000000       0x2b build/./os/FreeRTOS/utility/tasks.o
 .comment       0x00000000       0x2b build/./os/FreeRTOS/MapleFreeRTOS.o
 .comment       0x00000000       0x2b build/./framework/boards/platform_config.o
 .comment       0x00000000       0x2b build/./framework/system_init.o
 .comment       0x00000000       0x2b build/./framework/ulibc.o
 .comment       0x00000000       0x2b build/./framework/tprintf/tprintf.o
 .comment       0x00000000       0x2b build/./framework/misc.o
 .comment       0x00000000       0x2b build/./app/ss/SerialShell.o
 .comment       0x00000000       0x2b build/main.o
 .comment       0x00000000       0x2b ./support/ld/libcs3_stm32_med_density.a(start_c.o)

.debug_aranges  0x00000000      0xab8
 *(.debug_aranges)
 .debug_aranges
                0x00000000       0x50 build/./libmaple/adc.o
 .debug_aranges
                0x00000050       0x50 build/./libmaple/bkp.o
 .debug_aranges
                0x000000a0       0xd0 build/./libmaple/dma.o
 .debug_aranges
                0x00000170       0x90 build/./libmaple/exti.o
 .debug_aranges
                0x00000200       0x28 build/./libmaple/flash.o
 .debug_aranges
                0x00000228       0x48 build/./libmaple/gpio.o
 .debug_aranges
                0x00000270       0x28 build/./libmaple/iwdg.o
 .debug_aranges
                0x00000298       0x30 build/./libmaple/nvic.o
 .debug_aranges
                0x000002c8       0x20 build/./libmaple/pwr.o
 .debug_aranges
                0x000002e8       0xc0 build/./libmaple/i2c.o
 .debug_aranges
                0x000003a8       0x48 build/./libmaple/rcc.o
 .debug_aranges
                0x000003f0       0x88 build/./libmaple/spi.o
 .debug_aranges
                0x00000478       0x80 build/./libmaple/syscalls.o
 .debug_aranges
                0x000004f8       0x40 build/./libmaple/systick.o
 .debug_aranges
                0x00000538       0xc0 build/./libmaple/timer.o
 .debug_aranges
                0x000005f8       0x70 build/./libmaple/usart.o
 .debug_aranges
                0x00000668       0x58 build/./libmaple/util.o
 .debug_aranges
                0x000006c0       0x38 build/./os/FreeRTOS/utility/croutine.o
 .debug_aranges
                0x000006f8       0x38 build/./os/FreeRTOS/utility/heap_2.o
 .debug_aranges
                0x00000730       0x40 build/./os/FreeRTOS/utility/list.o
 .debug_aranges
                0x00000770       0x68 build/./os/FreeRTOS/utility/port.o
 .debug_aranges
                0x000007d8       0xa0 build/./os/FreeRTOS/utility/queue.o
 .debug_aranges
                0x00000878      0x120 build/./os/FreeRTOS/utility/tasks.o
 .debug_aranges
                0x00000998       0x20 build/./os/FreeRTOS/MapleFreeRTOS.o
 .debug_aranges
                0x000009b8       0x30 build/./framework/system_init.o
 .debug_aranges
                0x000009e8       0x50 build/./framework/tprintf/tprintf.o
 .debug_aranges
                0x00000a38       0x28 build/./framework/misc.o
 .debug_aranges
                0x00000a60       0x20 build/./app/ss/SerialShell.o
 .debug_aranges
                0x00000a80       0x38 build/main.o

.debug_pubnames
                0x00000000     0x1282
 *(.debug_pubnames)
 .debug_pubnames
                0x00000000       0x8b build/./libmaple/adc.o
 .debug_pubnames
                0x0000008b       0x77 build/./libmaple/bkp.o
 .debug_pubnames
                0x00000102      0x1a7 build/./libmaple/dma.o
 .debug_pubnames
                0x000002a9       0xbc build/./libmaple/exti.o
 .debug_pubnames
                0x00000365       0x42 build/./libmaple/flash.o
 .debug_pubnames
                0x000003a7       0xc6 build/./libmaple/gpio.o
 .debug_pubnames
                0x0000046d       0x2e build/./libmaple/iwdg.o
 .debug_pubnames
                0x0000049b       0x54 build/./libmaple/nvic.o
 .debug_pubnames
                0x000004ef       0x1f build/./libmaple/pwr.o
 .debug_pubnames
                0x0000050e       0xb5 build/./libmaple/i2c.o
 .debug_pubnames
                0x000005c3       0x6e build/./libmaple/rcc.o
 .debug_pubnames
                0x00000631      0x117 build/./libmaple/spi.o
 .debug_pubnames
                0x00000748       0x9b build/./libmaple/syscalls.o
 .debug_pubnames
                0x000007e3       0x92 build/./libmaple/systick.o
 .debug_pubnames
                0x00000875      0x135 build/./libmaple/timer.o
 .debug_pubnames
                0x000009aa       0xe1 build/./libmaple/usart.o
 .debug_pubnames
                0x00000a8b       0x32 build/./libmaple/util.o
 .debug_pubnames
                0x00000abd       0x96 build/./os/FreeRTOS/utility/croutine.o
 .debug_pubnames
                0x00000b53       0x64 build/./os/FreeRTOS/utility/heap_2.o
 .debug_pubnames
                0x00000bb7       0x71 build/./os/FreeRTOS/utility/list.o
 .debug_pubnames
                0x00000c28      0x101 build/./os/FreeRTOS/utility/port.o
 .debug_pubnames
                0x00000d29      0x183 build/./os/FreeRTOS/utility/queue.o
 .debug_pubnames
                0x00000eac      0x2c0 build/./os/FreeRTOS/utility/tasks.o
 .debug_pubnames
                0x0000116c       0x34 build/./os/FreeRTOS/MapleFreeRTOS.o
 .debug_pubnames
                0x000011a0       0x22 build/./framework/system_init.o
 .debug_pubnames
                0x000011c2       0x50 build/./framework/tprintf/tprintf.o
 .debug_pubnames
                0x00001212       0x32 build/./framework/misc.o
 .debug_pubnames
                0x00001244       0x23 build/./app/ss/SerialShell.o
 .debug_pubnames
                0x00001267       0x1b build/main.o

.debug_info     0x00000000     0xbf3d
 *(.debug_info .gnu.linkonce.wi.*)
 .debug_info    0x00000000      0x660 build/./libmaple/adc.o
 .debug_info    0x00000660      0x422 build/./libmaple/bkp.o
 .debug_info    0x00000a82       0x62 build/./libmaple/dac.o
 .debug_info    0x00000ae4      0xee8 build/./libmaple/dma.o
 .debug_info    0x000019cc      0x85f build/./libmaple/exti.o
 .debug_info    0x0000222b      0x1a8 build/./libmaple/flash.o
 .debug_info    0x000023d3       0x62 build/./libmaple/fsmc.o
 .debug_info    0x00002435      0x687 build/./libmaple/gpio.o
 .debug_info    0x00002abc      0x14c build/./libmaple/iwdg.o
 .debug_info    0x00002c08      0x53e build/./libmaple/nvic.o
 .debug_info    0x00003146      0x11f build/./libmaple/pwr.o
 .debug_info    0x00003265      0xf29 build/./libmaple/i2c.o
 .debug_info    0x0000418e      0x675 build/./libmaple/rcc.o
 .debug_info    0x00004803      0xabf build/./libmaple/spi.o
 .debug_info    0x000052c2      0x55f build/./libmaple/syscalls.o
 .debug_info    0x00005821      0x17c build/./libmaple/systick.o
 .debug_info    0x0000599d     0x123b build/./libmaple/timer.o
 .debug_info    0x00006bd8      0xb5a build/./libmaple/usart.o
 .debug_info    0x00007732      0xb95 build/./libmaple/util.o
 .debug_info    0x000082c7      0x50b build/./os/FreeRTOS/utility/croutine.o
 .debug_info    0x000087d2      0x2bd build/./os/FreeRTOS/utility/heap_2.o
 .debug_info    0x00008a8f      0x2a6 build/./os/FreeRTOS/utility/list.o
 .debug_info    0x00008d35      0x22a build/./os/FreeRTOS/utility/port.o
 .debug_info    0x00008f5f      0x88f build/./os/FreeRTOS/utility/queue.o
 .debug_info    0x000097ee       0x54 build/./os/FreeRTOS/utility/timers.o
 .debug_info    0x00009842     0x107f build/./os/FreeRTOS/utility/tasks.o
 .debug_info    0x0000a8c1       0xa4 build/./os/FreeRTOS/MapleFreeRTOS.o
 .debug_info    0x0000a965       0x29 build/./framework/boards/platform_config.o
 .debug_info    0x0000a98e      0x8b5 build/./framework/system_init.o
 .debug_info    0x0000b243       0x29 build/./framework/ulibc.o
 .debug_info    0x0000b26c      0x482 build/./framework/tprintf/tprintf.o
 .debug_info    0x0000b6ee       0xfa build/./framework/misc.o
 .debug_info    0x0000b7e8       0x7a build/./app/ss/SerialShell.o
 .debug_info    0x0000b862      0x6db build/main.o

.debug_abbrev   0x00000000     0x3472
 *(.debug_abbrev)
 .debug_abbrev  0x00000000      0x268 build/./libmaple/adc.o
 .debug_abbrev  0x00000268      0x186 build/./libmaple/bkp.o
 .debug_abbrev  0x000003ee       0x2c build/./libmaple/dac.o
 .debug_abbrev  0x0000041a      0x379 build/./libmaple/dma.o
 .debug_abbrev  0x00000793      0x242 build/./libmaple/exti.o
 .debug_abbrev  0x000009d5       0xf2 build/./libmaple/flash.o
 .debug_abbrev  0x00000ac7       0x2c build/./libmaple/fsmc.o
 .debug_abbrev  0x00000af3      0x199 build/./libmaple/gpio.o
 .debug_abbrev  0x00000c8c       0xb1 build/./libmaple/iwdg.o
 .debug_abbrev  0x00000d3d      0x10a build/./libmaple/nvic.o
 .debug_abbrev  0x00000e47       0x5b build/./libmaple/pwr.o
 .debug_abbrev  0x00000ea2      0x3db build/./libmaple/i2c.o
 .debug_abbrev  0x0000127d      0x1be build/./libmaple/rcc.o
 .debug_abbrev  0x0000143b      0x29f build/./libmaple/spi.o
 .debug_abbrev  0x000016da      0x1a2 build/./libmaple/syscalls.o
 .debug_abbrev  0x0000187c       0xfe build/./libmaple/systick.o
 .debug_abbrev  0x0000197a      0x3c6 build/./libmaple/timer.o
 .debug_abbrev  0x00001d40      0x2f0 build/./libmaple/usart.o
 .debug_abbrev  0x00002030      0x2dc build/./libmaple/util.o
 .debug_abbrev  0x0000230c      0x1ef build/./os/FreeRTOS/utility/croutine.o
 .debug_abbrev  0x000024fb      0x17c build/./os/FreeRTOS/utility/heap_2.o
 .debug_abbrev  0x00002677       0xef build/./os/FreeRTOS/utility/list.o
 .debug_abbrev  0x00002766      0x12a build/./os/FreeRTOS/utility/port.o
 .debug_abbrev  0x00002890      0x1bb build/./os/FreeRTOS/utility/queue.o
 .debug_abbrev  0x00002a4b       0x2c build/./os/FreeRTOS/utility/timers.o
 .debug_abbrev  0x00002a77      0x26e build/./os/FreeRTOS/utility/tasks.o
 .debug_abbrev  0x00002ce5       0x71 build/./os/FreeRTOS/MapleFreeRTOS.o
 .debug_abbrev  0x00002d56       0x16 build/./framework/boards/platform_config.o
 .debug_abbrev  0x00002d6c      0x1ff build/./framework/system_init.o
 .debug_abbrev  0x00002f6b       0x16 build/./framework/ulibc.o
 .debug_abbrev  0x00002f81      0x1ff build/./framework/tprintf/tprintf.o
 .debug_abbrev  0x00003180       0xbb build/./framework/misc.o
 .debug_abbrev  0x0000323b       0x43 build/./app/ss/SerialShell.o
 .debug_abbrev  0x0000327e      0x1f4 build/main.o

.debug_line     0x00000000     0x4b89
 *(.debug_line)
 .debug_line    0x00000000      0x184 build/./libmaple/adc.o
 .debug_line    0x00000184      0x171 build/./libmaple/bkp.o
 .debug_line    0x000002f5       0xc3 build/./libmaple/dac.o
 .debug_line    0x000003b8      0x294 build/./libmaple/dma.o
 .debug_line    0x0000064c      0x25f build/./libmaple/exti.o
 .debug_line    0x000008ab       0xe6 build/./libmaple/flash.o
 .debug_line    0x00000991       0xc5 build/./libmaple/fsmc.o
 .debug_line    0x00000a56      0x14d build/./libmaple/gpio.o
 .debug_line    0x00000ba3       0x81 build/./libmaple/iwdg.o
 .debug_line    0x00000c24       0xba build/./libmaple/nvic.o
 .debug_line    0x00000cde       0xce build/./libmaple/pwr.o
 .debug_line    0x00000dac      0x66d build/./libmaple/i2c.o
 .debug_line    0x00001419      0x176 build/./libmaple/rcc.o
 .debug_line    0x0000158f      0x24f build/./libmaple/spi.o
 .debug_line    0x000017de      0x434 build/./libmaple/syscalls.o
 .debug_line    0x00001c12       0xba build/./libmaple/systick.o
 .debug_line    0x00001ccc      0x336 build/./libmaple/timer.o
 .debug_line    0x00002002      0x250 build/./libmaple/usart.o
 .debug_line    0x00002252      0x210 build/./libmaple/util.o
 .debug_line    0x00002462      0x1fb build/./os/FreeRTOS/utility/croutine.o
 .debug_line    0x0000265d      0x3b7 build/./os/FreeRTOS/utility/heap_2.o
 .debug_line    0x00002a14      0x3aa build/./os/FreeRTOS/utility/list.o
 .debug_line    0x00002dbe      0x225 build/./os/FreeRTOS/utility/port.o
 .debug_line    0x00002fe3      0x5d5 build/./os/FreeRTOS/utility/queue.o
 .debug_line    0x000035b8      0x131 build/./os/FreeRTOS/utility/timers.o
 .debug_line    0x000036e9      0x8b0 build/./os/FreeRTOS/utility/tasks.o
 .debug_line    0x00003f99      0x166 build/./os/FreeRTOS/MapleFreeRTOS.o
 .debug_line    0x000040ff       0x5a build/./framework/boards/platform_config.o
 .debug_line    0x00004159      0x301 build/./framework/system_init.o
 .debug_line    0x0000445a       0x3f build/./framework/ulibc.o
 .debug_line    0x00004499      0x1e7 build/./framework/tprintf/tprintf.o
 .debug_line    0x00004680       0xa3 build/./framework/misc.o
 .debug_line    0x00004723      0x137 build/./app/ss/SerialShell.o
 .debug_line    0x0000485a      0x32f build/main.o

.debug_frame    0x00000000     0x2150
 *(.debug_frame)
 .debug_frame   0x00000000       0xa8 build/./libmaple/adc.o
 .debug_frame   0x000000a8       0xa8 build/./libmaple/bkp.o
 .debug_frame   0x00000150      0x204 build/./libmaple/dma.o
 .debug_frame   0x00000354      0x174 build/./libmaple/exti.o
 .debug_frame   0x000004c8       0x30 build/./libmaple/flash.o
 .debug_frame   0x000004f8       0xa0 build/./libmaple/gpio.o
 .debug_frame   0x00000598       0x30 build/./libmaple/iwdg.o
 .debug_frame   0x000005c8       0x48 build/./libmaple/nvic.o
 .debug_frame   0x00000610       0x28 build/./libmaple/pwr.o
 .debug_frame   0x00000638      0x1a4 build/./libmaple/i2c.o
 .debug_frame   0x000007dc       0x98 build/./libmaple/rcc.o
 .debug_frame   0x00000874      0x128 build/./libmaple/spi.o
 .debug_frame   0x0000099c       0xf4 build/./libmaple/syscalls.o
 .debug_frame   0x00000a90       0x68 build/./libmaple/systick.o
 .debug_frame   0x00000af8      0x1e0 build/./libmaple/timer.o
 .debug_frame   0x00000cd8       0xfc build/./libmaple/usart.o
 .debug_frame   0x00000dd4       0xd0 build/./libmaple/util.o
 .debug_frame   0x00000ea4       0x94 build/./os/FreeRTOS/utility/croutine.o
 .debug_frame   0x00000f38       0x68 build/./os/FreeRTOS/utility/heap_2.o
 .debug_frame   0x00000fa0       0x68 build/./os/FreeRTOS/utility/list.o
 .debug_frame   0x00001008       0xc8 build/./os/FreeRTOS/utility/port.o
 .debug_frame   0x000010d0      0x1d4 build/./os/FreeRTOS/utility/queue.o
 .debug_frame   0x000012a4      0x368 build/./os/FreeRTOS/utility/tasks.o
 .debug_frame   0x0000160c       0x20 build/./os/FreeRTOS/MapleFreeRTOS.o
 .debug_frame   0x0000162c       0x58 build/./framework/system_init.o
 .debug_frame   0x00001684       0xe4 build/./framework/tprintf/tprintf.o
 .debug_frame   0x00001768       0x3c build/./framework/misc.o
 .debug_frame   0x000017a4       0x20 build/./app/ss/SerialShell.o
 .debug_frame   0x000017c4       0x74 build/main.o
 .debug_frame   0x00001838       0x2c /home/librae/tool/CodeSourcery/Sourcery_G++_Lite/bin/../lib/gcc/arm-none-eabi/4.5.2/../../../../arm-none-eabi/lib/thumb2/libc.a(lib_a-memcmp.o)
 .debug_frame   0x00001864       0x30 /home/librae/tool/CodeSourcery/Sourcery_G++_Lite/bin/../lib/gcc/arm-none-eabi/4.5.2/../../../../arm-none-eabi/lib/thumb2/libc.a(lib_a-memcpy.o)
 .debug_frame   0x00001894       0x2c /home/librae/tool/CodeSourcery/Sourcery_G++_Lite/bin/../lib/gcc/arm-none-eabi/4.5.2/../../../../arm-none-eabi/lib/thumb2/libc.a(lib_a-memset.o)
 .debug_frame   0x000018c0       0x64 /home/librae/tool/CodeSourcery/Sourcery_G++_Lite/bin/../lib/gcc/arm-none-eabi/4.5.2/../../../../arm-none-eabi/lib/thumb2/libc.a(lib_a-sprintf.o)
 .debug_frame   0x00001924       0x2c /home/librae/tool/CodeSourcery/Sourcery_G++_Lite/bin/../lib/gcc/arm-none-eabi/4.5.2/../../../../arm-none-eabi/lib/thumb2/libc.a(lib_a-strcat.o)
 .debug_frame   0x00001950       0x20 /home/librae/tool/CodeSourcery/Sourcery_G++_Lite/bin/../lib/gcc/arm-none-eabi/4.5.2/../../../../arm-none-eabi/lib/thumb2/libc.a(lib_a-strcpy.o)
 .debug_frame   0x00001970       0x2c /home/librae/tool/CodeSourcery/Sourcery_G++_Lite/bin/../lib/gcc/arm-none-eabi/4.5.2/../../../../arm-none-eabi/lib/thumb2/libc.a(lib_a-strncpy.o)
 .debug_frame   0x0000199c       0x3c /home/librae/tool/CodeSourcery/Sourcery_G++_Lite/bin/../lib/gcc/arm-none-eabi/4.5.2/../../../../arm-none-eabi/lib/thumb2/libc.a(lib_a-svfprintf.o)
 .debug_frame   0x000019d8       0x68 /home/librae/tool/CodeSourcery/Sourcery_G++_Lite/bin/../lib/gcc/arm-none-eabi/4.5.2/../../../../arm-none-eabi/lib/thumb2/libc.a(lib_a-dtoa.o)
 .debug_frame   0x00001a40       0x98 /home/librae/tool/CodeSourcery/Sourcery_G++_Lite/bin/../lib/gcc/arm-none-eabi/4.5.2/../../../../arm-none-eabi/lib/thumb2/libc.a(lib_a-locale.o)
 .debug_frame   0x00001ad8       0x30 /home/librae/tool/CodeSourcery/Sourcery_G++_Lite/bin/../lib/gcc/arm-none-eabi/4.5.2/../../../../arm-none-eabi/lib/thumb2/libc.a(lib_a-malloc.o)
 .debug_frame   0x00001b08       0x3c /home/librae/tool/CodeSourcery/Sourcery_G++_Lite/bin/../lib/gcc/arm-none-eabi/4.5.2/../../../../arm-none-eabi/lib/thumb2/libc.a(lib_a-mallocr.o)
 .debug_frame   0x00001b44       0x2c /home/librae/tool/CodeSourcery/Sourcery_G++_Lite/bin/../lib/gcc/arm-none-eabi/4.5.2/../../../../arm-none-eabi/lib/thumb2/libc.a(lib_a-memchr.o)
 .debug_frame   0x00001b70       0x30 /home/librae/tool/CodeSourcery/Sourcery_G++_Lite/bin/../lib/gcc/arm-none-eabi/4.5.2/../../../../arm-none-eabi/lib/thumb2/libc.a(lib_a-mlock.o)
 .debug_frame   0x00001ba0      0x244 /home/librae/tool/CodeSourcery/Sourcery_G++_Lite/bin/../lib/gcc/arm-none-eabi/4.5.2/../../../../arm-none-eabi/lib/thumb2/libc.a(lib_a-mprec.o)
 .debug_frame   0x00001de4       0x28 /home/librae/tool/CodeSourcery/Sourcery_G++_Lite/bin/../lib/gcc/arm-none-eabi/4.5.2/../../../../arm-none-eabi/lib/thumb2/libc.a(lib_a-s_fpclassify.o)
 .debug_frame   0x00001e0c       0x2c /home/librae/tool/CodeSourcery/Sourcery_G++_Lite/bin/../lib/gcc/arm-none-eabi/4.5.2/../../../../arm-none-eabi/lib/thumb2/libc.a(lib_a-sbrkr.o)
 .debug_frame   0x00001e38       0x30 /home/librae/tool/CodeSourcery/Sourcery_G++_Lite/bin/../lib/gcc/arm-none-eabi/4.5.2/../../../../arm-none-eabi/lib/thumb2/libc.a(lib_a-strcmp.o)
 .debug_frame   0x00001e68       0x20 /home/librae/tool/CodeSourcery/Sourcery_G++_Lite/bin/../lib/gcc/arm-none-eabi/4.5.2/../../../../arm-none-eabi/lib/thumb2/libc.a(lib_a-strlen.o)
 .debug_frame   0x00001e88       0x68 /home/librae/tool/CodeSourcery/Sourcery_G++_Lite/bin/../lib/gcc/arm-none-eabi/4.5.2/../../../../arm-none-eabi/lib/thumb2/libc.a(lib_a-svfiprintf.o)
 .debug_frame   0x00001ef0       0x2c /home/librae/tool/CodeSourcery/Sourcery_G++_Lite/bin/../lib/gcc/arm-none-eabi/4.5.2/../../../../arm-none-eabi/lib/thumb2/libc.a(lib_a-callocr.o)
 .debug_frame   0x00001f1c       0x50 /home/librae/tool/CodeSourcery/Sourcery_G++_Lite/bin/../lib/gcc/arm-none-eabi/4.5.2/../../../../arm-none-eabi/lib/thumb2/libc.a(lib_a-freer.o)
 .debug_frame   0x00001f6c       0x2c /home/librae/tool/CodeSourcery/Sourcery_G++_Lite/bin/../lib/gcc/arm-none-eabi/4.5.2/../../../../arm-none-eabi/lib/thumb2/libc.a(lib_a-memmove.o)
 .debug_frame   0x00001f98       0x3c /home/librae/tool/CodeSourcery/Sourcery_G++_Lite/bin/../lib/gcc/arm-none-eabi/4.5.2/../../../../arm-none-eabi/lib/thumb2/libc.a(lib_a-reallocr.o)
 .debug_frame   0x00001fd4       0x68 /home/librae/tool/CodeSourcery/Sourcery_G++_Lite/bin/../lib/gcc/arm-none-eabi/4.5.2/../../../../arm-none-eabi/lib/thumb2/libc.a(lib_a-reent.o)
 .debug_frame   0x0000203c       0x20 /home/librae/tool/CodeSourcery/Sourcery_G++_Lite/bin/../lib/gcc/arm-none-eabi/4.5.2/thumb2/libgcc.a(_udivsi3.o)
 .debug_frame   0x0000205c       0x50 /home/librae/tool/CodeSourcery/Sourcery_G++_Lite/bin/../lib/gcc/arm-none-eabi/4.5.2/thumb2/libgcc.a(bpabi.o)
 .debug_frame   0x000020ac       0x3c /home/librae/tool/CodeSourcery/Sourcery_G++_Lite/bin/../lib/gcc/arm-none-eabi/4.5.2/thumb2/libgcc.a(_divdi3.o)
 .debug_frame   0x000020e8       0x3c /home/librae/tool/CodeSourcery/Sourcery_G++_Lite/bin/../lib/gcc/arm-none-eabi/4.5.2/thumb2/libgcc.a(_udivdi3.o)
 .debug_frame   0x00002124       0x2c /home/librae/tool/CodeSourcery/Sourcery_G++_Lite/bin/../lib/gcc/arm-none-eabi/4.5.2/../../../../arm-none-eabi/lib/thumb2/libc.a(lib_a-init.o)

.debug_str      0x00000000     0x3c11
 *(.debug_str)
 .debug_str     0x00000000      0x3f6 build/./libmaple/adc.o
                                0x44c (size before relaxing)
 .debug_str     0x000003f6       0x95 build/./libmaple/bkp.o
                                0x277 (size before relaxing)
 .debug_str     0x0000048b       0x11 build/./libmaple/dac.o
                                 0xb4 (size before relaxing)
 .debug_str     0x0000049c      0x78c build/./libmaple/dma.o
                                0xa19 (size before relaxing)
 .debug_str     0x00000c28      0x292 build/./libmaple/exti.o
                                0x72c (size before relaxing)
 .debug_str     0x00000eba       0x62 build/./libmaple/flash.o
                                0x13b (size before relaxing)
 .debug_str     0x00000f1c       0x12 build/./libmaple/fsmc.o
                                 0xb5 (size before relaxing)
 .debug_str     0x00000f2e      0x371 build/./libmaple/gpio.o
                                0x672 (size before relaxing)
 .debug_str     0x0000129f       0x9d build/./libmaple/iwdg.o
                                0x158 (size before relaxing)
 .debug_str     0x0000133c       0xba build/./libmaple/nvic.o
                                0x4d1 (size before relaxing)
 .debug_str     0x000013f6       0x1a build/./libmaple/pwr.o
                                0x1b9 (size before relaxing)
 .debug_str     0x00001410      0x2e1 build/./libmaple/i2c.o
                                0xb68 (size before relaxing)
 .debug_str     0x000016f1      0x2d0 build/./libmaple/rcc.o
                                0x4e8 (size before relaxing)
 .debug_str     0x000019c1      0x370 build/./libmaple/spi.o
                                0x97d (size before relaxing)
 .debug_str     0x00001d31      0x15f build/./libmaple/syscalls.o
                                0x25e (size before relaxing)
 .debug_str     0x00001e90       0x98 build/./libmaple/systick.o
                                0x161 (size before relaxing)
 .debug_str     0x00001f28      0x4ef build/./libmaple/timer.o
                                0xae3 (size before relaxing)
 .debug_str     0x00002417      0x1ba build/./libmaple/usart.o
                                0x732 (size before relaxing)
 .debug_str     0x000025d1       0xb1 build/./libmaple/util.o
                                0x807 (size before relaxing)
 .debug_str     0x00002682      0x351 build/./os/FreeRTOS/utility/croutine.o
                                0x3e0 (size before relaxing)
 .debug_str     0x000029d3      0x161 build/./os/FreeRTOS/utility/heap_2.o
                                0x22b (size before relaxing)
 .debug_str     0x00002b34       0xa5 build/./os/FreeRTOS/utility/list.o
                                0x211 (size before relaxing)
 .debug_str     0x00002bd9      0x13e build/./os/FreeRTOS/utility/port.o
                                0x226 (size before relaxing)
 .debug_str     0x00002d17      0x39d build/./os/FreeRTOS/utility/queue.o
                                0x523 (size before relaxing)
 .debug_str     0x000030b4       0x1f build/./os/FreeRTOS/utility/timers.o
                                 0xa0 (size before relaxing)
 .debug_str     0x000030d3      0x759 build/./os/FreeRTOS/utility/tasks.o
                                0x9c3 (size before relaxing)
 .debug_str     0x0000382c       0x3c build/./os/FreeRTOS/MapleFreeRTOS.o
                                 0xdb (size before relaxing)
 .debug_str     0x00003868       0x25 build/./framework/boards/platform_config.o
                                 0x5f (size before relaxing)
 .debug_str     0x0000388d      0x232 build/./framework/system_init.o
                                0xa56 (size before relaxing)
 .debug_str     0x00003abf       0x14 build/./framework/ulibc.o
                                 0x4e (size before relaxing)
 .debug_str     0x00003ad3       0xab build/./framework/tprintf/tprintf.o
                                0x10e (size before relaxing)
 .debug_str     0x00003b7e       0x2b build/./framework/misc.o
                                 0xde (size before relaxing)
 .debug_str     0x00003ba9       0x24 build/./app/ss/SerialShell.o
                                 0xc7 (size before relaxing)
 .debug_str     0x00003bcd       0x44 build/main.o
                                0x626 (size before relaxing)

.debug_loc      0x00000000     0x455e
 *(.debug_loc)
 .debug_loc     0x00000000      0x204 build/./libmaple/adc.o
 .debug_loc     0x00000204      0x133 build/./libmaple/bkp.o
 .debug_loc     0x00000337      0x57c build/./libmaple/dma.o
 .debug_loc     0x000008b3      0x30c build/./libmaple/exti.o
 .debug_loc     0x00000bbf       0x29 build/./libmaple/flash.o
 .debug_loc     0x00000be8      0x1e0 build/./libmaple/gpio.o
 .debug_loc     0x00000dc8       0x26 build/./libmaple/iwdg.o
 .debug_loc     0x00000dee       0x9e build/./libmaple/nvic.o
 .debug_loc     0x00000e8c       0x20 build/./libmaple/pwr.o
 .debug_loc     0x00000eac      0x3e7 build/./libmaple/i2c.o
 .debug_loc     0x00001293      0x24c build/./libmaple/rcc.o
 .debug_loc     0x000014df      0x270 build/./libmaple/spi.o
 .debug_loc     0x0000174f      0x18b build/./libmaple/syscalls.o
 .debug_loc     0x000018da       0x33 build/./libmaple/systick.o
 .debug_loc     0x0000190d      0x605 build/./libmaple/timer.o
 .debug_loc     0x00001f12      0x329 build/./libmaple/usart.o
 .debug_loc     0x0000223b      0x223 build/./libmaple/util.o
 .debug_loc     0x0000245e      0x210 build/./os/FreeRTOS/utility/croutine.o
 .debug_loc     0x0000266e      0x243 build/./os/FreeRTOS/utility/heap_2.o
 .debug_loc     0x000028b1       0x73 build/./os/FreeRTOS/utility/list.o
 .debug_loc     0x00002924       0x9d build/./os/FreeRTOS/utility/port.o
 .debug_loc     0x000029c1      0x7b4 build/./os/FreeRTOS/utility/queue.o
 .debug_loc     0x00003175      0xc32 build/./os/FreeRTOS/utility/tasks.o
 .debug_loc     0x00003da7       0xcb build/./framework/system_init.o
 .debug_loc     0x00003e72      0x524 build/./framework/tprintf/tprintf.o
 .debug_loc     0x00004396       0xa6 build/./framework/misc.o
 .debug_loc     0x0000443c      0x122 build/main.o

.debug_macinfo  0x00000000    0xbe7d1
 *(.debug_macinfo)
 .debug_macinfo
                0x00000000     0x5c42 build/./libmaple/adc.o
 .debug_macinfo
                0x00005c42     0x532e build/./libmaple/bkp.o
 .debug_macinfo
                0x0000af70     0x66e4 build/./libmaple/dac.o
 .debug_macinfo
                0x00011654     0x610f build/./libmaple/dma.o
 .debug_macinfo
                0x00017763     0x641c build/./libmaple/exti.o
 .debug_macinfo
                0x0001db7f     0x2ca4 build/./libmaple/flash.o
 .debug_macinfo
                0x00020823     0x6331 build/./libmaple/fsmc.o
 .debug_macinfo
                0x00026b54     0x633f build/./libmaple/gpio.o
 .debug_macinfo
                0x0002ce93     0x25da build/./libmaple/iwdg.o
 .debug_macinfo
                0x0002f46d     0x2518 build/./libmaple/nvic.o
 .debug_macinfo
                0x00031985     0x4fdf build/./libmaple/pwr.o
 .debug_macinfo
                0x00036964     0x8872 build/./libmaple/i2c.o
 .debug_macinfo
                0x0003f1d6     0x565a build/./libmaple/rcc.o
 .debug_macinfo
                0x00044830     0x736d build/./libmaple/spi.o
 .debug_macinfo
                0x0004bb9d     0x4e75 build/./libmaple/syscalls.o
 .debug_macinfo
                0x00050a12     0x2638 build/./libmaple/systick.o
 .debug_macinfo
                0x0005304a     0x7643 build/./libmaple/timer.o
 .debug_macinfo
                0x0005a68d     0x72ca build/./libmaple/usart.o
 .debug_macinfo
                0x00061957     0xa6ce build/./libmaple/util.o
 .debug_macinfo
                0x0006c025     0x484b build/./os/FreeRTOS/utility/croutine.o
 .debug_macinfo
                0x00070870     0x61cd build/./os/FreeRTOS/utility/heap_2.o
 .debug_macinfo
                0x00076a3d     0x5b1e build/./os/FreeRTOS/utility/list.o
 .debug_macinfo
                0x0007c55b     0x4768 build/./os/FreeRTOS/utility/port.o
 .debug_macinfo
                0x00080cc3     0x681a build/./os/FreeRTOS/utility/queue.o
 .debug_macinfo
                0x000874dd     0x4e3c build/./os/FreeRTOS/utility/timers.o
 .debug_macinfo
                0x0008c319     0x7c12 build/./os/FreeRTOS/utility/tasks.o
 .debug_macinfo
                0x00093f2b     0x4e4a build/./os/FreeRTOS/MapleFreeRTOS.o
 .debug_macinfo
                0x00098d75     0x2296 build/./framework/boards/platform_config.o
 .debug_macinfo
                0x0009b00b     0xcf1a build/./framework/system_init.o
 .debug_macinfo
                0x000a7f25     0x2256 build/./framework/ulibc.o
 .debug_macinfo
                0x000aa17b     0x23d4 build/./framework/tprintf/tprintf.o
 .debug_macinfo
                0x000ac54f     0x22d5 build/./framework/misc.o
 .debug_macinfo
                0x000ae824     0x5f24 build/./app/ss/SerialShell.o
 .debug_macinfo
                0x000b4748     0xa089 build/main.o

.debug_weaknames
 *(.debug_weaknames)

.debug_funcnames
 *(.debug_funcnames)

.debug_typenames
 *(.debug_typenames)

.debug_varnames
 *(.debug_varnames)

.note.gnu.arm.ident
 *(.note.gnu.arm.ident)

.ARM.attributes
                0x00000000       0x27
 *(.ARM.attributes)
 .ARM.attributes
                0x00000000       0x19 /home/librae/tool/CodeSourcery/Sourcery_G++_Lite/bin/../lib/gcc/arm-none-eabi/4.5.2/thumb2/crti.o
 .ARM.attributes
                0x00000019       0x29 /home/librae/tool/CodeSourcery/Sourcery_G++_Lite/bin/../lib/gcc/arm-none-eabi/4.5.2/thumb2/crtbegin.o
 .ARM.attributes
                0x00000042       0x31 build/./libmaple/adc.o
 .ARM.attributes
                0x00000073       0x31 build/./libmaple/bkp.o
 .ARM.attributes
                0x000000a4       0x31 build/./libmaple/dac.o
 .ARM.attributes
                0x000000d5       0x31 build/./libmaple/dma.o
 .ARM.attributes
                0x00000106       0x31 build/./libmaple/exti.o
 .ARM.attributes
                0x00000137       0x31 build/./libmaple/flash.o
 .ARM.attributes
                0x00000168       0x31 build/./libmaple/fsmc.o
 .ARM.attributes
                0x00000199       0x31 build/./libmaple/gpio.o
 .ARM.attributes
                0x000001ca       0x31 build/./libmaple/iwdg.o
 .ARM.attributes
                0x000001fb       0x31 build/./libmaple/nvic.o
 .ARM.attributes
                0x0000022c       0x31 build/./libmaple/pwr.o
 .ARM.attributes
                0x0000025d       0x31 build/./libmaple/i2c.o
 .ARM.attributes
                0x0000028e       0x31 build/./libmaple/rcc.o
 .ARM.attributes
                0x000002bf       0x31 build/./libmaple/spi.o
 .ARM.attributes
                0x000002f0       0x31 build/./libmaple/syscalls.o
 .ARM.attributes
                0x00000321       0x31 build/./libmaple/systick.o
 .ARM.attributes
                0x00000352       0x31 build/./libmaple/timer.o
 .ARM.attributes
                0x00000383       0x31 build/./libmaple/usart.o
 .ARM.attributes
                0x000003b4       0x31 build/./libmaple/util.o
 .ARM.attributes
                0x000003e5       0x1b build/./libmaple/exc.o
 .ARM.attributes
                0x00000400       0x31 build/./os/FreeRTOS/utility/croutine.o
 .ARM.attributes
                0x00000431       0x31 build/./os/FreeRTOS/utility/heap_2.o
 .ARM.attributes
                0x00000462       0x31 build/./os/FreeRTOS/utility/list.o
 .ARM.attributes
                0x00000493       0x31 build/./os/FreeRTOS/utility/port.o
 .ARM.attributes
                0x000004c4       0x31 build/./os/FreeRTOS/utility/queue.o
 .ARM.attributes
                0x000004f5       0x31 build/./os/FreeRTOS/utility/timers.o
 .ARM.attributes
                0x00000526       0x31 build/./os/FreeRTOS/utility/tasks.o
 .ARM.attributes
                0x00000557       0x31 build/./os/FreeRTOS/MapleFreeRTOS.o
 .ARM.attributes
                0x00000588       0x31 build/./framework/boards/platform_config.o
 .ARM.attributes
                0x000005b9       0x31 build/./framework/system_init.o
 .ARM.attributes
                0x000005ea       0x31 build/./framework/ulibc.o
 .ARM.attributes
                0x0000061b       0x31 build/./framework/tprintf/tprintf.o
 .ARM.attributes
                0x0000064c       0x31 build/./framework/misc.o
 .ARM.attributes
                0x0000067d       0x31 build/./app/ss/SerialShell.o
 .ARM.attributes
                0x000006ae       0x31 build/main.o
 .ARM.attributes
                0x000006df       0x29 /home/librae/tool/CodeSourcery/Sourcery_G++_Lite/bin/../lib/gcc/arm-none-eabi/4.5.2/../../../../arm-none-eabi/lib/thumb2/libc.a(lib_a-memcmp.o)
 .ARM.attributes
                0x00000708       0x29 /home/librae/tool/CodeSourcery/Sourcery_G++_Lite/bin/../lib/gcc/arm-none-eabi/4.5.2/../../../../arm-none-eabi/lib/thumb2/libc.a(lib_a-memcpy.o)
 .ARM.attributes
                0x00000731       0x29 /home/librae/tool/CodeSourcery/Sourcery_G++_Lite/bin/../lib/gcc/arm-none-eabi/4.5.2/../../../../arm-none-eabi/lib/thumb2/libc.a(lib_a-memset.o)
 .ARM.attributes
                0x0000075a       0x29 /home/librae/tool/CodeSourcery/Sourcery_G++_Lite/bin/../lib/gcc/arm-none-eabi/4.5.2/../../../../arm-none-eabi/lib/thumb2/libc.a(lib_a-sprintf.o)
 .ARM.attributes
                0x00000783       0x29 /home/librae/tool/CodeSourcery/Sourcery_G++_Lite/bin/../lib/gcc/arm-none-eabi/4.5.2/../../../../arm-none-eabi/lib/thumb2/libc.a(lib_a-strcat.o)
 .ARM.attributes
                0x000007ac       0x29 /home/librae/tool/CodeSourcery/Sourcery_G++_Lite/bin/../lib/gcc/arm-none-eabi/4.5.2/../../../../arm-none-eabi/lib/thumb2/libc.a(lib_a-strcpy.o)
 .ARM.attributes
                0x000007d5       0x29 /home/librae/tool/CodeSourcery/Sourcery_G++_Lite/bin/../lib/gcc/arm-none-eabi/4.5.2/../../../../arm-none-eabi/lib/thumb2/libc.a(lib_a-strncpy.o)
 .ARM.attributes
                0x000007fe       0x29 /home/librae/tool/CodeSourcery/Sourcery_G++_Lite/bin/../lib/gcc/arm-none-eabi/4.5.2/../../../../arm-none-eabi/lib/thumb2/libc.a(lib_a-svfprintf.o)
 .ARM.attributes
                0x00000827       0x29 /home/librae/tool/CodeSourcery/Sourcery_G++_Lite/bin/../lib/gcc/arm-none-eabi/4.5.2/../../../../arm-none-eabi/lib/thumb2/libc.a(lib_a-dtoa.o)
 .ARM.attributes
                0x00000850       0x29 /home/librae/tool/CodeSourcery/Sourcery_G++_Lite/bin/../lib/gcc/arm-none-eabi/4.5.2/../../../../arm-none-eabi/lib/thumb2/libc.a(lib_a-impure.o)
 .ARM.attributes
                0x00000879       0x29 /home/librae/tool/CodeSourcery/Sourcery_G++_Lite/bin/../lib/gcc/arm-none-eabi/4.5.2/../../../../arm-none-eabi/lib/thumb2/libc.a(lib_a-locale.o)
 .ARM.attributes
                0x000008a2       0x29 /home/librae/tool/CodeSourcery/Sourcery_G++_Lite/bin/../lib/gcc/arm-none-eabi/4.5.2/../../../../arm-none-eabi/lib/thumb2/libc.a(lib_a-malloc.o)
 .ARM.attributes
                0x000008cb       0x29 /home/librae/tool/CodeSourcery/Sourcery_G++_Lite/bin/../lib/gcc/arm-none-eabi/4.5.2/../../../../arm-none-eabi/lib/thumb2/libc.a(lib_a-mallocr.o)
 .ARM.attributes
                0x000008f4       0x29 /home/librae/tool/CodeSourcery/Sourcery_G++_Lite/bin/../lib/gcc/arm-none-eabi/4.5.2/../../../../arm-none-eabi/lib/thumb2/libc.a(lib_a-memchr.o)
 .ARM.attributes
                0x0000091d       0x29 /home/librae/tool/CodeSourcery/Sourcery_G++_Lite/bin/../lib/gcc/arm-none-eabi/4.5.2/../../../../arm-none-eabi/lib/thumb2/libc.a(lib_a-mlock.o)
 .ARM.attributes
                0x00000946       0x29 /home/librae/tool/CodeSourcery/Sourcery_G++_Lite/bin/../lib/gcc/arm-none-eabi/4.5.2/../../../../arm-none-eabi/lib/thumb2/libc.a(lib_a-mprec.o)
 .ARM.attributes
                0x0000096f       0x29 /home/librae/tool/CodeSourcery/Sourcery_G++_Lite/bin/../lib/gcc/arm-none-eabi/4.5.2/../../../../arm-none-eabi/lib/thumb2/libc.a(lib_a-s_fpclassify.o)
 .ARM.attributes
                0x00000998       0x29 /home/librae/tool/CodeSourcery/Sourcery_G++_Lite/bin/../lib/gcc/arm-none-eabi/4.5.2/../../../../arm-none-eabi/lib/thumb2/libc.a(lib_a-sbrkr.o)
 .ARM.attributes
                0x000009c1       0x29 /home/librae/tool/CodeSourcery/Sourcery_G++_Lite/bin/../lib/gcc/arm-none-eabi/4.5.2/../../../../arm-none-eabi/lib/thumb2/libc.a(lib_a-strcmp.o)
 .ARM.attributes
                0x000009ea       0x29 /home/librae/tool/CodeSourcery/Sourcery_G++_Lite/bin/../lib/gcc/arm-none-eabi/4.5.2/../../../../arm-none-eabi/lib/thumb2/libc.a(lib_a-strlen.o)
 .ARM.attributes
                0x00000a13       0x29 /home/librae/tool/CodeSourcery/Sourcery_G++_Lite/bin/../lib/gcc/arm-none-eabi/4.5.2/../../../../arm-none-eabi/lib/thumb2/libc.a(lib_a-svfiprintf.o)
 .ARM.attributes
                0x00000a3c       0x29 /home/librae/tool/CodeSourcery/Sourcery_G++_Lite/bin/../lib/gcc/arm-none-eabi/4.5.2/../../../../arm-none-eabi/lib/thumb2/libc.a(lib_a-callocr.o)
 .ARM.attributes
                0x00000a65       0x29 /home/librae/tool/CodeSourcery/Sourcery_G++_Lite/bin/../lib/gcc/arm-none-eabi/4.5.2/../../../../arm-none-eabi/lib/thumb2/libc.a(lib_a-freer.o)
 .ARM.attributes
                0x00000a8e       0x29 /home/librae/tool/CodeSourcery/Sourcery_G++_Lite/bin/../lib/gcc/arm-none-eabi/4.5.2/../../../../arm-none-eabi/lib/thumb2/libc.a(lib_a-memmove.o)
 .ARM.attributes
                0x00000ab7       0x29 /home/librae/tool/CodeSourcery/Sourcery_G++_Lite/bin/../lib/gcc/arm-none-eabi/4.5.2/../../../../arm-none-eabi/lib/thumb2/libc.a(lib_a-reallocr.o)
 .ARM.attributes
                0x00000ae0       0x29 /home/librae/tool/CodeSourcery/Sourcery_G++_Lite/bin/../lib/gcc/arm-none-eabi/4.5.2/../../../../arm-none-eabi/lib/thumb2/libc.a(lib_a-reent.o)
 .ARM.attributes
                0x00000b09       0x1b /home/librae/tool/CodeSourcery/Sourcery_G++_Lite/bin/../lib/gcc/arm-none-eabi/4.5.2/thumb2/libgcc.a(_udivsi3.o)
 .ARM.attributes
                0x00000b24       0x1b /home/librae/tool/CodeSourcery/Sourcery_G++_Lite/bin/../lib/gcc/arm-none-eabi/4.5.2/thumb2/libgcc.a(_dvmd_tls.o)
 .ARM.attributes
                0x00000b3f       0x1b /home/librae/tool/CodeSourcery/Sourcery_G++_Lite/bin/../lib/gcc/arm-none-eabi/4.5.2/thumb2/libgcc.a(_arm_addsubdf3.o)
 .ARM.attributes
                0x00000b5a       0x1b /home/librae/tool/CodeSourcery/Sourcery_G++_Lite/bin/../lib/gcc/arm-none-eabi/4.5.2/thumb2/libgcc.a(_arm_muldivdf3.o)
 .ARM.attributes
                0x00000b75       0x1b /home/librae/tool/CodeSourcery/Sourcery_G++_Lite/bin/../lib/gcc/arm-none-eabi/4.5.2/thumb2/libgcc.a(_arm_cmpdf2.o)
 .ARM.attributes
                0x00000b90       0x1b /home/librae/tool/CodeSourcery/Sourcery_G++_Lite/bin/../lib/gcc/arm-none-eabi/4.5.2/thumb2/libgcc.a(_arm_fixdfsi.o)
 .ARM.attributes
                0x00000bab       0x1b /home/librae/tool/CodeSourcery/Sourcery_G++_Lite/bin/../lib/gcc/arm-none-eabi/4.5.2/thumb2/libgcc.a(_aeabi_uldivmod.o)
 .ARM.attributes
                0x00000bc6       0x29 /home/librae/tool/CodeSourcery/Sourcery_G++_Lite/bin/../lib/gcc/arm-none-eabi/4.5.2/thumb2/libgcc.a(bpabi.o)
 .ARM.attributes
                0x00000bef       0x29 /home/librae/tool/CodeSourcery/Sourcery_G++_Lite/bin/../lib/gcc/arm-none-eabi/4.5.2/thumb2/libgcc.a(_divdi3.o)
 .ARM.attributes
                0x00000c18       0x29 /home/librae/tool/CodeSourcery/Sourcery_G++_Lite/bin/../lib/gcc/arm-none-eabi/4.5.2/thumb2/libgcc.a(_udivdi3.o)
 .ARM.attributes
                0x00000c41       0x29 /home/librae/tool/CodeSourcery/Sourcery_G++_Lite/bin/../lib/gcc/arm-none-eabi/4.5.2/thumb2/crtend.o
 .ARM.attributes
                0x00000c6a       0x19 /home/librae/tool/CodeSourcery/Sourcery_G++_Lite/bin/../lib/gcc/arm-none-eabi/4.5.2/thumb2/crtn.o
 .ARM.attributes
                0x00000c83       0x16 ./support/ld/libcs3_stm32_med_density.a(stm32_vector_table.o)
 .ARM.attributes
                0x00000c99       0x16 ./support/ld/libcs3_stm32_med_density.a(stm32_isrs.o)
 .ARM.attributes
                0x00000caf       0x16 ./support/ld/libcs3_stm32_med_density.a(start.o)
 .ARM.attributes
                0x00000cc5       0x31 ./support/ld/libcs3_stm32_med_density.a(start_c.o)
 .ARM.attributes
                0x00000cf6       0x29 /home/librae/tool/CodeSourcery/Sourcery_G++_Lite/bin/../lib/gcc/arm-none-eabi/4.5.2/../../../../arm-none-eabi/lib/thumb2/libc.a(lib_a-init.o)

/DISCARD/
 *(.note.GNU-stack)
OUTPUT(build/leach.elf elf32-littlearm)

.debug_pubtypes
                0x00000000     0x16f8
 .debug_pubtypes
                0x00000000       0xc3 build/./libmaple/adc.o
 .debug_pubtypes
                0x000000c3       0x89 build/./libmaple/bkp.o
 .debug_pubtypes
                0x0000014c       0x12 build/./libmaple/dac.o
 .debug_pubtypes
                0x0000015e      0x1a3 build/./libmaple/dma.o
 .debug_pubtypes
                0x00000301      0x10b build/./libmaple/exti.o
 .debug_pubtypes
                0x0000040c       0x2f build/./libmaple/flash.o
 .debug_pubtypes
                0x0000043b       0x12 build/./libmaple/fsmc.o
 .debug_pubtypes
                0x0000044d      0x121 build/./libmaple/gpio.o
 .debug_pubtypes
                0x0000056e       0x5f build/./libmaple/iwdg.o
 .debug_pubtypes
                0x000005cd       0x6a build/./libmaple/nvic.o
 .debug_pubtypes
                0x00000637       0x21 build/./libmaple/pwr.o
 .debug_pubtypes
                0x00000658      0x174 build/./libmaple/i2c.o
 .debug_pubtypes
                0x000007cc      0x122 build/./libmaple/rcc.o
 .debug_pubtypes
                0x000008ee      0x17d build/./libmaple/spi.o
 .debug_pubtypes
                0x00000a6b       0xb5 build/./libmaple/syscalls.o
 .debug_pubtypes
                0x00000b20       0x31 build/./libmaple/systick.o
 .debug_pubtypes
                0x00000b51      0x1f2 build/./libmaple/timer.o
 .debug_pubtypes
                0x00000d43       0xec build/./libmaple/usart.o
 .debug_pubtypes
                0x00000e2f      0x186 build/./libmaple/util.o
 .debug_pubtypes
                0x00000fb5       0xcd build/./os/FreeRTOS/utility/croutine.o
 .debug_pubtypes
                0x00001082       0x4c build/./os/FreeRTOS/utility/heap_2.o
 .debug_pubtypes
                0x000010ce       0x7a build/./os/FreeRTOS/utility/list.o
 .debug_pubtypes
                0x00001148       0x3e build/./os/FreeRTOS/utility/port.o
 .debug_pubtypes
                0x00001186       0xd4 build/./os/FreeRTOS/utility/queue.o
 .debug_pubtypes
                0x0000125a       0x12 build/./os/FreeRTOS/utility/timers.o
 .debug_pubtypes
                0x0000126c      0x10c build/./os/FreeRTOS/utility/tasks.o
 .debug_pubtypes
                0x00001378       0x22 build/./os/FreeRTOS/MapleFreeRTOS.o
 .debug_pubtypes
                0x0000139a      0x1bc build/./framework/system_init.o
 .debug_pubtypes
                0x00001556       0x49 build/./framework/tprintf/tprintf.o
 .debug_pubtypes
                0x0000159f       0x1d build/./framework/misc.o
 .debug_pubtypes
                0x000015bc       0x12 build/./app/ss/SerialShell.o
 .debug_pubtypes
                0x000015ce      0x12a build/main.o

.debug_ranges   0x00000000      0xcc8
 .debug_ranges  0x00000000       0x40 build/./libmaple/adc.o
 .debug_ranges  0x00000040       0x40 build/./libmaple/bkp.o
 .debug_ranges  0x00000080       0xc0 build/./libmaple/dma.o
 .debug_ranges  0x00000140       0xb0 build/./libmaple/exti.o
 .debug_ranges  0x000001f0       0x18 build/./libmaple/flash.o
 .debug_ranges  0x00000208       0x38 build/./libmaple/gpio.o
 .debug_ranges  0x00000240       0x18 build/./libmaple/iwdg.o
 .debug_ranges  0x00000258       0x20 build/./libmaple/nvic.o
 .debug_ranges  0x00000278       0x10 build/./libmaple/pwr.o
 .debug_ranges  0x00000288      0x110 build/./libmaple/i2c.o
 .debug_ranges  0x00000398       0x38 build/./libmaple/rcc.o
 .debug_ranges  0x000003d0       0xc0 build/./libmaple/spi.o
 .debug_ranges  0x00000490       0x70 build/./libmaple/syscalls.o
 .debug_ranges  0x00000500       0x30 build/./libmaple/systick.o
 .debug_ranges  0x00000530      0x1a8 build/./libmaple/timer.o
 .debug_ranges  0x000006d8       0xd8 build/./libmaple/usart.o
 .debug_ranges  0x000007b0       0x78 build/./libmaple/util.o
 .debug_ranges  0x00000828       0x70 build/./os/FreeRTOS/utility/croutine.o
 .debug_ranges  0x00000898       0x40 build/./os/FreeRTOS/utility/heap_2.o
 .debug_ranges  0x000008d8       0x30 build/./os/FreeRTOS/utility/list.o
 .debug_ranges  0x00000908       0x58 build/./os/FreeRTOS/utility/port.o
 .debug_ranges  0x00000960       0x90 build/./os/FreeRTOS/utility/queue.o
 .debug_ranges  0x000009f0      0x1e8 build/./os/FreeRTOS/utility/tasks.o
 .debug_ranges  0x00000bd8       0x10 build/./os/FreeRTOS/MapleFreeRTOS.o
 .debug_ranges  0x00000be8       0x50 build/./framework/system_init.o
 .debug_ranges  0x00000c38       0x40 build/./framework/tprintf/tprintf.o
 .debug_ranges  0x00000c78       0x18 build/./framework/misc.o
 .debug_ranges  0x00000c90       0x10 build/./app/ss/SerialShell.o
 .debug_ranges  0x00000ca0       0x28 build/main.o
